[     679ms] Error: Minified React error #425; visit https://reactjs.org/docs/error-decoder.html?invariant=425 for the full message or use the non-minified dev environment for full errors and additional helpful warnings.
    at rm (https://blog.uniswap.org/_next/static/chunks/framework-a6e0b7e30f98059a.js:1:50476)
    at https://blog.uniswap.org/_next/static/chunks/framework-a6e0b7e30f98059a.js:1:110855
    at oO (https://blog.uniswap.org/_next/static/chunks/framework-a6e0b7e30f98059a.js:1:116364)
    at oM (https://blog.uniswap.org/_next/static/chunks/framework-a6e0b7e30f98059a.js:1:109314)
    at oF (https://blog.uniswap.org/_next/static/chunks/framework-a6e0b7e30f98059a.js:1:109124)
    at ow (https://blog.uniswap.org/_next/static/chunks/framework-a6e0b7e30f98059a.js:1:104197)
    at x (https://blog.uniswap.org/_next/static/chunks/framework-a6e0b7e30f98059a.js:1:7799)
    at MessagePort.T (https://blog.uniswap.org/_next/static/chunks/framework-a6e0b7e30f98059a.js:1:8329)
[     679ms] Error: Minified React error #418; visit https://reactjs.org/docs/error-decoder.html?invariant=418 for the full message or use the non-minified dev environment for full errors and additional helpful warnings.
    at lh (https://blog.uniswap.org/_next/static/chunks/framework-a6e0b7e30f98059a.js:1:56767)
    at i (https://blog.uniswap.org/_next/static/chunks/framework-a6e0b7e30f98059a.js:1:131270)
    at oM (https://blog.uniswap.org/_next/static/chunks/framework-a6e0b7e30f98059a.js:1:109254)
    at oF (https://blog.uniswap.org/_next/static/chunks/framework-a6e0b7e30f98059a.js:1:109124)
    at ow (https://blog.uniswap.org/_next/static/chunks/framework-a6e0b7e30f98059a.js:1:104197)
    at x (https://blog.uniswap.org/_next/static/chunks/framework-a6e0b7e30f98059a.js:1:7799)
    at MessagePort.T (https://blog.uniswap.org/_next/static/chunks/framework-a6e0b7e30f98059a.js:1:8329)
[     679ms] Error: Minified React error #418; visit https://reactjs.org/docs/error-decoder.html?invariant=418 for the full message or use the non-minified dev environment for full errors and additional helpful warnings.
    at lh (https://blog.uniswap.org/_next/static/chunks/framework-a6e0b7e30f98059a.js:1:56767)
    at i (https://blog.uniswap.org/_next/static/chunks/framework-a6e0b7e30f98059a.js:1:131270)
    at oM (https://blog.uniswap.org/_next/static/chunks/framework-a6e0b7e30f98059a.js:1:109254)
    at oF (https://blog.uniswap.org/_next/static/chunks/framework-a6e0b7e30f98059a.js:1:109124)
    at ow (https://blog.uniswap.org/_next/static/chunks/framework-a6e0b7e30f98059a.js:1:104197)
    at x (https://blog.uniswap.org/_next/static/chunks/framework-a6e0b7e30f98059a.js:1:7799)
    at MessagePort.T (https://blog.uniswap.org/_next/static/chunks/framework-a6e0b7e30f98059a.js:1:8329)
[     679ms] Error: Minified React error #418; visit https://reactjs.org/docs/error-decoder.html?invariant=418 for the full message or use the non-minified dev environment for full errors and additional helpful warnings.
    at lh (https://blog.uniswap.org/_next/static/chunks/framework-a6e0b7e30f98059a.js:1:56767)
    at i (https://blog.uniswap.org/_next/static/chunks/framework-a6e0b7e30f98059a.js:1:131270)
    at oM (https://blog.uniswap.org/_next/static/chunks/framework-a6e0b7e30f98059a.js:1:109254)
    at oF (https://blog.uniswap.org/_next/static/chunks/framework-a6e0b7e30f98059a.js:1:109124)
    at ow (https://blog.uniswap.org/_next/static/chunks/framework-a6e0b7e30f98059a.js:1:104197)
    at x (https://blog.uniswap.org/_next/static/chunks/framework-a6e0b7e30f98059a.js:1:7799)
    at MessagePort.T (https://blog.uniswap.org/_next/static/chunks/framework-a6e0b7e30f98059a.js:1:8329)
[     679ms] Error: Minified React error #418; visit https://reactjs.org/docs/error-decoder.html?invariant=418 for the full message or use the non-minified dev environment for full errors and additional helpful warnings.
    at lh (https://blog.uniswap.org/_next/static/chunks/framework-a6e0b7e30f98059a.js:1:56767)
    at i (https://blog.uniswap.org/_next/static/chunks/framework-a6e0b7e30f98059a.js:1:131270)
    at oM (https://blog.uniswap.org/_next/static/chunks/framework-a6e0b7e30f98059a.js:1:109254)
    at oF (https://blog.uniswap.org/_next/static/chunks/framework-a6e0b7e30f98059a.js:1:109124)
    at ow (https://blog.uniswap.org/_next/static/chunks/framework-a6e0b7e30f98059a.js:1:104197)
    at x (https://blog.uniswap.org/_next/static/chunks/framework-a6e0b7e30f98059a.js:1:7799)
    at MessagePort.T (https://blog.uniswap.org/_next/static/chunks/framework-a6e0b7e30f98059a.js:1:8329)
[     679ms] Error: Minified React error #418; visit https://reactjs.org/docs/error-decoder.html?invariant=418 for the full message or use the non-minified dev environment for full errors and additional helpful warnings.
    at lh (https://blog.uniswap.org/_next/static/chunks/framework-a6e0b7e30f98059a.js:1:56767)
    at i (https://blog.uniswap.org/_next/static/chunks/framework-a6e0b7e30f98059a.js:1:131270)
    at oM (https://blog.uniswap.org/_next/static/chunks/framework-a6e0b7e30f98059a.js:1:109254)
    at oF (https://blog.uniswap.org/_next/static/chunks/framework-a6e0b7e30f98059a.js:1:109124)
    at ow (https://blog.uniswap.org/_next/static/chunks/framework-a6e0b7e30f98059a.js:1:104197)
    at x (https://blog.uniswap.org/_next/static/chunks/framework-a6e0b7e30f98059a.js:1:7799)
    at MessagePort.T (https://blog.uniswap.org/_next/static/chunks/framework-a6e0b7e30f98059a.js:1:8329)
[     679ms] Error: Minified React error #418; visit https://reactjs.org/docs/error-decoder.html?invariant=418 for the full message or use the non-minified dev environment for full errors and additional helpful warnings.
    at lh (https://blog.uniswap.org/_next/static/chunks/framework-a6e0b7e30f98059a.js:1:56767)
    at uy (https://blog.uniswap.org/_next/static/chunks/framework-a6e0b7e30f98059a.js:1:86771)
    at i (https://blog.uniswap.org/_next/static/chunks/framework-a6e0b7e30f98059a.js:1:131473)
    at oM (https://blog.uniswap.org/_next/static/chunks/framework-a6e0b7e30f98059a.js:1:109254)
    at oF (https://blog.uniswap.org/_next/static/chunks/framework-a6e0b7e30f98059a.js:1:109124)
    at ow (https://blog.uniswap.org/_next/static/chunks/framework-a6e0b7e30f98059a.js:1:104197)
    at x (https://blog.uniswap.org/_next/static/chunks/framework-a6e0b7e30f98059a.js:1:7799)
    at MessagePort.T (https://blog.uniswap.org/_next/static/chunks/framework-a6e0b7e30f98059a.js:1:8329)
[     679ms] Error: Minified React error #418; visit https://reactjs.org/docs/error-decoder.html?invariant=418 for the full message or use the non-minified dev environment for full errors and additional helpful warnings.
    at lh (https://blog.uniswap.org/_next/static/chunks/framework-a6e0b7e30f98059a.js:1:56767)
    at i (https://blog.uniswap.org/_next/static/chunks/framework-a6e0b7e30f98059a.js:1:131270)
    at oM (https://blog.uniswap.org/_next/static/chunks/framework-a6e0b7e30f98059a.js:1:109254)
    at oF (https://blog.uniswap.org/_next/static/chunks/framework-a6e0b7e30f98059a.js:1:109124)
    at ow (https://blog.uniswap.org/_next/static/chunks/framework-a6e0b7e30f98059a.js:1:104197)
    at x (https://blog.uniswap.org/_next/static/chunks/framework-a6e0b7e30f98059a.js:1:7799)
    at MessagePort.T (https://blog.uniswap.org/_next/static/chunks/framework-a6e0b7e30f98059a.js:1:8329)
[     679ms] Error: Minified React error #423; visit https://reactjs.org/docs/error-decoder.html?invariant=423 for the full message or use the non-minified dev environment for full errors and additional helpful warnings.
    at i (https://blog.uniswap.org/_next/static/chunks/framework-a6e0b7e30f98059a.js:1:130929)
    at oM (https://blog.uniswap.org/_next/static/chunks/framework-a6e0b7e30f98059a.js:1:109254)
    at oF (https://blog.uniswap.org/_next/static/chunks/framework-a6e0b7e30f98059a.js:1:109124)
    at oS (https://blog.uniswap.org/_next/static/chunks/framework-a6e0b7e30f98059a.js:1:105895)
    at ow (https://blog.uniswap.org/_next/static/chunks/framework-a6e0b7e30f98059a.js:1:104450)
    at x (https://blog.uniswap.org/_next/static/chunks/framework-a6e0b7e30f98059a.js:1:7799)
    at MessagePort.T (https://blog.uniswap.org/_next/static/chunks/framework-a6e0b7e30f98059a.js:1:8329)
[     892ms] [ERROR] Loading the script 'https://snap.licdn.com/li.lms-analytics/insight.min.js' violates the following Content Security Policy directive: "script-src 'self' strict-dynamic 'unsafe-eval' 'sha256-6T+z7aDdFgc7V5J55W05RyXb4Z8/O5cjRDpQtuMyylA=' https://www.googleadservices.com https://www.google.com https://www.googletagmanager.com". Note that 'script-src-elem' was not explicitly set, so 'script-src' is used as a fallback. The action has been blocked. @ https://www.googletagmanager.com/gtm.js?id=GTM-PQXL6LF3:197
[     894ms] [ERROR] Executing inline script violates the following Content Security Policy directive 'script-src 'self' strict-dynamic 'unsafe-eval' 'sha256-6T+z7aDdFgc7V5J55W05RyXb4Z8/O5cjRDpQtuMyylA=' https://www.googleadservices.com https://www.google.com https://www.googletagmanager.com'. Either the 'unsafe-inline' keyword, a hash ('sha256-VcowOI1pqA6meGVR9f5i3Mdg1i2IiDSX7GXhbVJOnvw='), or a nonce ('nonce-...') is required to enable inline execution. The action has been blocked. @ https://www.googletagmanager.com/gtm.js?id=GTM-PQXL6LF3:866
[     894ms] [ERROR] Executing inline script violates the following Content Security Policy directive 'script-src 'self' strict-dynamic 'unsafe-eval' 'sha256-6T+z7aDdFgc7V5J55W05RyXb4Z8/O5cjRDpQtuMyylA=' https://www.googleadservices.com https://www.google.com https://www.googletagmanager.com'. Either the 'unsafe-inline' keyword, a hash ('sha256-DO0Ws7QbRHUr1T9HJ/XpbL9IuzzBGuQOnCS00Vx/Vjk='), or a nonce ('nonce-...') is required to enable inline execution. The action has been blocked. @ https://www.googletagmanager.com/gtm.js?id=GTM-PQXL6LF3:866
[     895ms] [ERROR] Loading the script 'https://js.hs-scripts.com/47435488.js' violates the following Content Security Policy directive: "script-src 'self' strict-dynamic 'unsafe-eval' 'sha256-6T+z7aDdFgc7V5J55W05RyXb4Z8/O5cjRDpQtuMyylA=' https://www.googleadservices.com https://www.google.com https://www.googletagmanager.com". Note that 'script-src-elem' was not explicitly set, so 'script-src' is used as a fallback. The action has been blocked. @ https://www.googletagmanager.com/gtm.js?id=GTM-PQXL6LF3:187
[     897ms] [ERROR] Connecting to 'https://ad.doubleclick.net/ccm/s/collect?auid=1767340330.1785977494&gtm=45He6841v9178147758za200zd9178147758xea&fmt=8' violates the following Content Security Policy directive: "connect-src 'self' https://graphql.contentful.com *.uniswap.org https://www.google.com *.algolianet.com". The action has been blocked. @ https://www.googletagmanager.com/gtm.js?id=GTM-PQXL6LF3:383
[     898ms] [ERROR] Fetch API cannot load https://ad.doubleclick.net/ccm/s/collect?auid=1767340330.1785977494&gtm=45He6841v9178147758za200zd9178147758xea&fmt=8. Refused to connect because it violates the document's Content Security Policy. @ https://www.googletagmanager.com/gtm.js?id=GTM-PQXL6LF3:383
[    1052ms] [ERROR] Connecting to 'https://www.googleadservices.com/pagead/conversion/11485357107/?random=1785977494630&cv=11&fst=1785977494630&fmt=7&bg=ffffff&guid=ON&async=1&en=conversion&gtm=45be6841v9222947869z89178147758za20gzb9178147758zd9178147758xea&gcd=13l3l3l3l1l1&dma=0&tag_exp=115938466~115938469~117227715~118897920~118897930~119527020~119896802&u_w=1920&u_h=1080&url=https%3A%2F%2Fblog.uniswap.org%2Fpools-trade-a-new-way-to-launch-on-robinhood-chain&rcb=2&label=qHGMCJTihI4ZELPI0uQq&capi=1&frm=0&tiba=Pools.trade%3A%20A%20New%20Way%20to%20Launch%20on%20Robinhood%20Chain&bttype=purchase&value=0&hn=www.googleadservices.com&rdp=1&npa=0&pscdl=noapi&auid=1767340330.1785977494&uaa=x86&uab=64&uafvl=Not%253BA%253DBrand%3B8.0.0.0%7CChromium%3B150.0.7871.187%7CGoogle%2520Chrome%3B150.0.7871.187&uamb=0&uam=&uap=Windows&uapv=19.0.0&uaw=0&ec_mode=a&oid=168288687.1785977495&oidsrc=3&ecsid2=828247538.1785977495&_tu=CBI&gcl_ctr=1~0~0~0&category=acrcp_v1_512&em=tv.1&emd=tvd.1&ept=5' violates the following Content Security Policy directive: "connect-src 'self' https://graphql.contentful.com *.uniswap.org https://www.google.com *.algolianet.com". The action has been blocked. @ https://www.googletagmanager.com/gtag/destination?id=AW-11485357107&cx=c&gtm=4e6841:541
[    1052ms] [ERROR] Fetch API cannot load https://www.googleadservices.com/pagead/conversion/11485357107/?random=1785977494630&cv=11&fst=1785977494630&fmt=7&bg=ffffff&guid=ON&async=1&en=conversion&gtm=45be6841v9222947869z89178147758za20gzb9178147758zd9178147758xea&gcd=13l3l3l3l1l1&dma=0&tag_exp=115938466~115938469~117227715~118897920~118897930~119527020~119896802&u_w=1920&u_h=1080&url=https%3A%2F%2Fblog.uniswap.org%2Fpools-trade-a-new-way-to-launch-on-robinhood-chain&rcb=2&label=qHGMCJTihI4ZELPI0uQq&capi=1&frm=0&tiba=Pools.trade%3A%20A%20New%20Way%20to%20Launch%20on%20Robinhood%20Chain&bttype=purchase&value=0&hn=www.googleadservices.com&rdp=1&npa=0&pscdl=noapi&auid=1767340330.1785977494&uaa=x86&uab=64&uafvl=Not%253BA%253DBrand%3B8.0.0.0%7CChromium%3B150.0.7871.187%7CGoogle%2520Chrome%3B150.0.7871.187&uamb=0&uam=&uap=Windows&uapv=19.0.0&uaw=0&ec_mode=a&oid=168288687.1785977495&oidsrc=3&ecsid2=828247538.1785977495&_tu=CBI&gcl_ctr=1~0~0~0&category=acrcp_v1_512&em=tv.1&emd=tvd.1&ept=5. Refused to connect because it violates the document's Content Security Policy. @ https://www.googletagmanager.com/gtag/destination?id=AW-11485357107&cx=c&gtm=4e6841:541
[    1053ms] [ERROR] Loading the image 'https://www.googleadservices.com/ccm/conversion/11485357107/?random=1785977494630&cv=11&fst=1785977494630&fmt=3&bg=ffffff&guid=ON&async=1&en=conversion&gtm=45be6841v9222947869z89178147758za20gzb9178147758zd9178147758xea&gcd=13l3l3l3l1l1&dma=0&tag_exp=115938466~115938469~117227715~118897920~118897930~119527020~119896802&u_w=1920&u_h=1080&url=https%3A%2F%2Fblog.uniswap.org%2Fpools-trade-a-new-way-to-launch-on-robinhood-chain&rcb=2&label=qHGMCJTihI4ZELPI0uQq&capi=1&frm=0&tiba=Pools.trade%3A%20A%20New%20Way%20to%20Launch%20on%20Robinhood%20Chain&bttype=purchase&value=0&hn=www.googleadservices.com&rdp=1&npa=0&pscdl=noapi&auid=1767340330.1785977494&uaa=x86&uab=64&uafvl=Not%253BA%253DBrand%3B8.0.0.0%7CChromium%3B150.0.7871.187%7CGoogle%2520Chrome%3B150.0.7871.187&uamb=0&uam=&uap=Windows&uapv=19.0.0&uaw=0&ec_mode=a&oid=168288687.1785977495&oidsrc=3&ecsid2=828247538.1785977495&_tu=CBI&gcl_ctr=1~0~0~0&em=tv.1&emd=tvd.1' violates the following Content Security Policy directive: "img-src 'self' https://images.ctfassets.net https://downloads.ctfassets.net/ https://googleads.g.doubleclick.net https://www.google.com https://google.com https://www.googletagmanager.com". The action has been blocked. @ https://blog.uniswap.org/pools-trade-a-new-way-to-launch-on-robinhood-chain:0
[    1153ms] [ERROR] Connecting to 'https://www.google.com.ph/pagead/1p-conversion/11485357107/?random=1530294322&cv=11&fst=1785977494630&fmt=3&bg=ffffff&guid=ON&async=1&en=conversion&gtm=45be6841v9222947869z89178147758za20gzb9178147758zd9178147758xea&gcd=13l3l3l3l1l1&dma=0&tag_exp=115938466~115938469~117227715~118897920~118897930~119527020~119896802&u_w=1920&u_h=1080&url=https%3A%2F%2Fblog.uniswap.org%2Fpools-trade-a-new-way-to-launch-on-robinhood-chain&rcb=2&label=qHGMCJTihI4ZELPI0uQq&capi=1&frm=0&tiba=Pools.trade%3A%20A%20New%20Way%20to%2...rECCNXPsQII9NqxAgjJ47ECCJfUsQIIyduxAgjN5rECCLHhsQIIs-GxAgim3bECCLDesQIIgNuxAgjN4bEC&cerd=Cgzr370tpqe-Lf-vvi0&eitems=ChAI8L7L0wYQ8beSi4er04AbEh0ABNiEnoiRJG3tfSWIrL3HDe89O59hfiV8eaXejw&fsk=ChAI8L7L0wYQ5aD_j4rtyJgsEiwA6CShrmTkJO4_BD2xytXqFhGaUyD-0dQEQZkOmj72ytRFq_MjGFBakUTArhoCpp8&ipr=y&pscrd=IhMIi4ON0eSKlgMVPukWBR0voQO5OhlodHRwczovL2Jsb2cudW5pc3dhcC5vcmcvQlhDaEVJOEw3TDB3WVFyY1d1bHFuazA4TGJBUkl0QUwzbnlJdmZlLUJleWRuTmE3Mjd6N3hBYjNzalBBcEtOSzI4Tk5qMk9WdExqLWdoeFpuV1hYb3hUNWc2egwICWIICAAQABgAIACCAQlwAYgBAeIBAQI' violates the following Content Security Policy directive: "connect-src 'self' https://graphql.contentful.com *.uniswap.org https://www.google.com *.algolianet.com". The action has been blocked. @ https://blog.uniswap.org/pools-trade-a-new-way-to-launch-on-robinhood-chain:0
[   10581ms] [LOG] Download the Apollo DevTools for a better development experience: %s https://chrome.google.com/webstore/detail/apollo-client-developer-t/jdkknkkbebbapilgoeccciglkfbmbnfm @ https://blog.uniswap.org/_next/static/chunks/pages/_app-9601994eb31aa87a.js:0
