[    2329ms] [ERROR] Failed to load resource: net::ERR_NAME_NOT_RESOLVED @ https://socials.solana.fm/search/trendy/Mainnet:0
[    2789ms] [ERROR] Failed to load resource: net::ERR_NAME_NOT_RESOLVED @ https://socials.solana.fm/social/count?userHash=EfwJn8cXCYhcGrsavxWSDbUFHPrCK9gvdCr6AVywFBPg:0
[    2789ms] [ERROR] tK @ https://solana.fm/_next/static/chunks/pages/_app-61510c4573927ebb.js:314
[    2789ms] [ERROR] Failed to load resource: net::ERR_NAME_NOT_RESOLVED @ https://socials.solana.fm/labels:0
[    2791ms] [ERROR] Failed to load resource: net::ERR_NAME_NOT_RESOLVED @ https://socials.solana.fm/tags?hash=EfwJn8cXCYhcGrsavxWSDbUFHPrCK9gvdCr6AVywFBPg&network=Mainnet:0
[    2800ms] Error: AxiosError: Network Error
    at e7.getLabelsForHash (https://solana.fm/_next/static/chunks/pages/_app-61510c4573927ebb.js:315:176047)
    at async eE (https://solana.fm/_next/static/chunks/pages/_app-61510c4573927ebb.js:237:2343779)
    at async https://solana.fm/_next/static/chunks/pages/_app-61510c4573927ebb.js:237:2344489
[    2933ms] [ERROR] Access to XMLHttpRequest at 'https://api.solana.fm/v1/name-service/EfwJn8cXCYhcGrsavxWSDbUFHPrCK9gvdCr6AVywFBPg' from origin 'https://solana.fm' has been blocked by CORS policy: No 'Access-Control-Allow-Origin' header is present on the requested resource. @ https://solana.fm/address/EfwJn8cXCYhcGrsavxWSDbUFHPrCK9gvdCr6AVywFBPg/transactions?cluster=mainnet-alpha:0
[    2934ms] [ERROR] Error fetching data: SolanaFMApiError: Failed to fetch validators info.: Network Error
    at eY.getNameServices (https://solana.fm/_next/static/chunks/pages/_app-61510c4573927ebb.js:315:167726)
    at async https://solana.fm/_next/static/chunks/1887-188603e7995a11d7.js:1:18150
    at async https://solana.fm/_next/static/chunks/pages/_app-61510c4573927ebb.js:503:14580 @ https://solana.fm/_next/static/chunks/1887-188603e7995a11d7.js:0
[    2937ms] [ERROR] Failed to load resource: net::ERR_FAILED @ https://api.solana.fm/v1/name-service/EfwJn8cXCYhcGrsavxWSDbUFHPrCK9gvdCr6AVywFBPg:0
[    3225ms] [ERROR] Access to XMLHttpRequest at 'https://api.solana.fm/v0/accounts' from origin 'https://solana.fm' has been blocked by CORS policy: Response to preflight request doesn't pass access control check: No 'Access-Control-Allow-Origin' header is present on the requested resource. @ https://solana.fm/address/EfwJn8cXCYhcGrsavxWSDbUFHPrCK9gvdCr6AVywFBPg/transactions?cluster=mainnet-alpha:0
[    3226ms] [ERROR] SolanaFMApiError: Failed to fetch accounts info.: Network Error
    at eW.getMultipleAccounts (https://solana.fm/_next/static/chunks/pages/_app-61510c4573927ebb.js:315:157112)
    at async ga (https://solana.fm/_next/static/chunks/pages/_app-61510c4573927ebb.js:315:1809162)
    at async Promise.allSettled (index 1)
    at async eP.batchInitTxs (https://solana.fm/_next/static/chunks/pages/_app-61510c4573927ebb.js:315:1942086)
    at async p (https://solana.fm/_next/static/chunks/pages/address/%5B...address%5D-9402748975eef887.js:1:180471) @ https://solana.fm/_next/static/chunks/pages/_app-61510c4573927ebb.js:314
[    3248ms] [ERROR] Failed to load resource: net::ERR_FAILED @ https://api.solana.fm/v0/accounts:0
[    3326ms] [ERROR] Access to XMLHttpRequest at 'https://api.solana.fm/v1/tokens' from origin 'https://solana.fm' has been blocked by CORS policy: Response to preflight request doesn't pass access control check: No 'Access-Control-Allow-Origin' header is present on the requested resource. @ https://solana.fm/address/EfwJn8cXCYhcGrsavxWSDbUFHPrCK9gvdCr6AVywFBPg/transactions?cluster=mainnet-alpha:0
[    3326ms] [ERROR] Failed to load resource: net::ERR_FAILED @ https://api.solana.fm/v1/tokens:0
[    3330ms] [ERROR] Access to XMLHttpRequest at 'https://api.solana.fm/v1/tokens' from origin 'https://solana.fm' has been blocked by CORS policy: Response to preflight request doesn't pass access control check: No 'Access-Control-Allow-Origin' header is present on the requested resource. @ https://solana.fm/address/EfwJn8cXCYhcGrsavxWSDbUFHPrCK9gvdCr6AVywFBPg/transactions?cluster=mainnet-alpha:0
[    3359ms] [ERROR] Failed to load resource: net::ERR_FAILED @ https://api.solana.fm/v1/tokens:0
[    3439ms] [ERROR] Access to XMLHttpRequest at 'https://api.solana.fm/v1/tokens' from origin 'https://solana.fm' has been blocked by CORS policy: Response to preflight request doesn't pass access control check: No 'Access-Control-Allow-Origin' header is present on the requested resource. @ https://solana.fm/address/EfwJn8cXCYhcGrsavxWSDbUFHPrCK9gvdCr6AVywFBPg/transactions?cluster=mainnet-alpha:0
[    3440ms] [ERROR] Failed to load resource: net::ERR_FAILED @ https://api.solana.fm/v1/tokens:0
[    3444ms] [ERROR] Access to XMLHttpRequest at 'https://api.solana.fm/v1/tokens' from origin 'https://solana.fm' has been blocked by CORS policy: Response to preflight request doesn't pass access control check: No 'Access-Control-Allow-Origin' header is present on the requested resource. @ https://solana.fm/address/EfwJn8cXCYhcGrsavxWSDbUFHPrCK9gvdCr6AVywFBPg/transactions?cluster=mainnet-alpha:0
[    3445ms] [ERROR] Failed to load resource: net::ERR_FAILED @ https://api.solana.fm/v1/tokens:0
[    3445ms] [ERROR] Access to XMLHttpRequest at 'https://api.solana.fm/v0/accounts' from origin 'https://solana.fm' has been blocked by CORS policy: Response to preflight request doesn't pass access control check: No 'Access-Control-Allow-Origin' header is present on the requested resource. @ https://solana.fm/address/EfwJn8cXCYhcGrsavxWSDbUFHPrCK9gvdCr6AVywFBPg/transactions?cluster=mainnet-alpha:0
[    3445ms] [ERROR] SolanaFMApiError: Failed to fetch accounts info.: Network Error
    at eW.getMultipleAccounts (https://solana.fm/_next/static/chunks/pages/_app-61510c4573927ebb.js:315:157112)
    at async ga (https://solana.fm/_next/static/chunks/pages/_app-61510c4573927ebb.js:315:1809162)
    at async Promise.allSettled (index 1)
    at async eP.batchInitTxs (https://solana.fm/_next/static/chunks/pages/_app-61510c4573927ebb.js:315:1942086)
    at async p (https://solana.fm/_next/static/chunks/pages/address/%5B...address%5D-9402748975eef887.js:1:180471) @ https://solana.fm/_next/static/chunks/pages/_app-61510c4573927ebb.js:314
[    3471ms] [ERROR] Failed to load resource: net::ERR_FAILED @ https://api.solana.fm/v0/accounts:0
[    3471ms] [ERROR] Access to XMLHttpRequest at 'https://api.solana.fm/v0/accounts' from origin 'https://solana.fm' has been blocked by CORS policy: Response to preflight request doesn't pass access control check: No 'Access-Control-Allow-Origin' header is present on the requested resource. @ https://solana.fm/address/EfwJn8cXCYhcGrsavxWSDbUFHPrCK9gvdCr6AVywFBPg/transactions?cluster=mainnet-alpha:0
[    3471ms] [ERROR] SolanaFMApiError: Failed to fetch accounts info.: Network Error
    at eW.getMultipleAccounts (https://solana.fm/_next/static/chunks/pages/_app-61510c4573927ebb.js:315:157112)
    at async ga (https://solana.fm/_next/static/chunks/pages/_app-61510c4573927ebb.js:315:1809162)
    at async Promise.allSettled (index 1)
    at async eP.batchInitTxs (https://solana.fm/_next/static/chunks/pages/_app-61510c4573927ebb.js:315:1942086)
    at async p (https://solana.fm/_next/static/chunks/pages/address/%5B...address%5D-9402748975eef887.js:1:180471) @ https://solana.fm/_next/static/chunks/pages/_app-61510c4573927ebb.js:314
[    3490ms] [ERROR] Failed to load resource: net::ERR_FAILED @ https://api.solana.fm/v0/accounts:0
[    3490ms] [ERROR] Access to XMLHttpRequest at 'https://api.solana.fm/v1/tokens' from origin 'https://solana.fm' has been blocked by CORS policy: Response to preflight request doesn't pass access control check: No 'Access-Control-Allow-Origin' header is present on the requested resource. @ https://solana.fm/address/EfwJn8cXCYhcGrsavxWSDbUFHPrCK9gvdCr6AVywFBPg/transactions?cluster=mainnet-alpha:0
[    3491ms] [ERROR] Failed to load resource: net::ERR_FAILED @ https://api.solana.fm/v1/tokens:0
[    3491ms] [ERROR] Access to XMLHttpRequest at 'https://api.solana.fm/v0/accounts' from origin 'https://solana.fm' has been blocked by CORS policy: Response to preflight request doesn't pass access control check: No 'Access-Control-Allow-Origin' header is present on the requested resource. @ https://solana.fm/address/EfwJn8cXCYhcGrsavxWSDbUFHPrCK9gvdCr6AVywFBPg/transactions?cluster=mainnet-alpha:0
[    3491ms] [ERROR] SolanaFMApiError: Failed to fetch accounts info.: Network Error
    at eW.getMultipleAccounts (https://solana.fm/_next/static/chunks/pages/_app-61510c4573927ebb.js:315:157112)
    at async ga (https://solana.fm/_next/static/chunks/pages/_app-61510c4573927ebb.js:315:1809162)
    at async Promise.allSettled (index 1)
    at async eP.batchInitTxs (https://solana.fm/_next/static/chunks/pages/_app-61510c4573927ebb.js:315:1942086)
    at async p (https://solana.fm/_next/static/chunks/pages/address/%5B...address%5D-9402748975eef887.js:1:180471) @ https://solana.fm/_next/static/chunks/pages/_app-61510c4573927ebb.js:314
[    3523ms] [ERROR] Failed to load resource: net::ERR_FAILED @ https://api.solana.fm/v0/accounts:0
[    3523ms] [ERROR] Access to XMLHttpRequest at 'https://api.solana.fm/v0/transfers/DKWKYK4LicbhzW4VE6Uaopx6YrHfNZgL3LJeRaP5RYHLBQpdsWGH4TjUaejJ1UfzNbdmYMvSP75hANB4bgMd1k4' from origin 'https://solana.fm' has been blocked by CORS policy: No 'Access-Control-Allow-Origin' header is present on the requested resource. @ https://solana.fm/address/EfwJn8cXCYhcGrsavxWSDbUFHPrCK9gvdCr6AVywFBPg/transactions?cluster=mainnet-alpha:0
[    3523ms] [ERROR] Failed to fetch transfers from SolanaFMApi SolanaFMApiError: Failed to fetch transaction transfers.: Network Error
    at eW.getTransactionTransfers (https://solana.fm/_next/static/chunks/pages/_app-61510c4573927ebb.js:315:162174)
    at async eP.buildTransfers (https://solana.fm/_next/static/chunks/pages/_app-61510c4573927ebb.js:315:1937761)
    at async Promise.allSettled (index 6)
    at async eP.buildPartialTransactionInfo (https://solana.fm/_next/static/chunks/pages/_app-61510c4573927ebb.js:315:1930136)
    at async eP.getTransactionInfo (https://solana.fm/_next/static/chunks/pages/_app-61510c4573927ebb.js:315:1926913)
    at async p (https://solana.fm/_next/static/chunks/pages/address/%5B...address%5D-9402748975eef887.js:1:180659) @ https://solana.fm/_next/static/chunks/pages/_app-61510c4573927ebb.js:314
[    3524ms] [ERROR] Failed to load resource: net::ERR_FAILED @ https://api.solana.fm/v0/transfers/DKWKYK4LicbhzW4VE6Uaopx6YrHfNZgL3LJeRaP5RYHLBQpdsWGH4TjUaejJ1UfzNbdmYMvSP75hANB4bgMd1k4:0
[    4396ms] [ERROR] Access to XMLHttpRequest at 'https://api.solana.fm/v0/transfers/41FPtgVYhBWJDJeiKAoisYywqrr9DrrF25qhnaj32pmG5EuJb57s934t9AnUDpSNjq41ct5fooQbHtLLFh58kEaE' from origin 'https://solana.fm' has been blocked by CORS policy: No 'Access-Control-Allow-Origin' header is present on the requested resource. @ https://solana.fm/address/EfwJn8cXCYhcGrsavxWSDbUFHPrCK9gvdCr6AVywFBPg/transactions?cluster=mainnet-alpha:0
[    4396ms] [ERROR] Failed to fetch transfers from SolanaFMApi SolanaFMApiError: Failed to fetch transaction transfers.: Network Error
    at eW.getTransactionTransfers (https://solana.fm/_next/static/chunks/pages/_app-61510c4573927ebb.js:315:162174)
    at async eP.buildTransfers (https://solana.fm/_next/static/chunks/pages/_app-61510c4573927ebb.js:315:1937761)
    at async Promise.allSettled (index 6)
    at async eP.buildPartialTransactionInfo (https://solana.fm/_next/static/chunks/pages/_app-61510c4573927ebb.js:315:1930136)
    at async eP.getTransactionInfo (https://solana.fm/_next/static/chunks/pages/_app-61510c4573927ebb.js:315:1926913)
    at async p (https://solana.fm/_next/static/chunks/pages/address/%5B...address%5D-9402748975eef887.js:1:180659) @ https://solana.fm/_next/static/chunks/pages/_app-61510c4573927ebb.js:314
[    4397ms] [ERROR] Failed to load resource: net::ERR_FAILED @ https://api.solana.fm/v0/transfers/41FPtgVYhBWJDJeiKAoisYywqrr9DrrF25qhnaj32pmG5EuJb57s934t9AnUDpSNjq41ct5fooQbHtLLFh58kEaE:0
[    4398ms] [ERROR] Unable to fetch tip tK @ https://solana.fm/_next/static/chunks/pages/_app-61510c4573927ebb.js:314
[    4399ms] [ERROR] Failed to load resource: net::ERR_NAME_NOT_RESOLVED @ https://tip-api.fly.dev/v0/transactions/instructions/priority/get/public:0
[    4399ms] [ERROR] Unable to fetch tip tK @ https://solana.fm/_next/static/chunks/pages/_app-61510c4573927ebb.js:314
[    4406ms] [ERROR] Failed to load resource: net::ERR_NAME_NOT_RESOLVED @ https://tip-api.fly.dev/v0/transactions/instructions/priority/get/public:0
[    4406ms] [ERROR] Unable to fetch tip tK @ https://solana.fm/_next/static/chunks/pages/_app-61510c4573927ebb.js:314
[    4407ms] [ERROR] Failed to load resource: net::ERR_NAME_NOT_RESOLVED @ https://tip-api.fly.dev/v0/transactions/instructions/priority/get/public:0
[    4407ms] [ERROR] Unable to fetch tip tK @ https://solana.fm/_next/static/chunks/pages/_app-61510c4573927ebb.js:314
[    4419ms] [ERROR] Failed to load resource: net::ERR_NAME_NOT_RESOLVED @ https://tip-api.fly.dev/v0/transactions/instructions/priority/get/public:0
[    4425ms] [ERROR] Unable to fetch tip tK @ https://solana.fm/_next/static/chunks/pages/_app-61510c4573927ebb.js:314
[    4426ms] [ERROR] Failed to load resource: net::ERR_NAME_NOT_RESOLVED @ https://tip-api.fly.dev/v0/transactions/instructions/priority/get/public:0
[    4426ms] [ERROR] Unable to fetch tip tK @ https://solana.fm/_next/static/chunks/pages/_app-61510c4573927ebb.js:314
[    4428ms] [ERROR] Failed to load resource: net::ERR_NAME_NOT_RESOLVED @ https://tip-api.fly.dev/v0/transactions/instructions/priority/get/public:0
[    4428ms] [ERROR] Access to XMLHttpRequest at 'https://api.solana.fm/v0/transfers/4cfvSGsYnQwi6i6DWrsqCiLVgXYszqhNcdZYaQohmjyjurnG7YZmV53kQDWaXGZgiEvaJmyELUxBAJzqcP21CWRo' from origin 'https://solana.fm' has been blocked by CORS policy: No 'Access-Control-Allow-Origin' header is present on the requested resource. @ https://solana.fm/address/EfwJn8cXCYhcGrsavxWSDbUFHPrCK9gvdCr6AVywFBPg/transactions?cluster=mainnet-alpha:0
[    4428ms] [ERROR] Failed to fetch transfers from SolanaFMApi SolanaFMApiError: Failed to fetch transaction transfers.: Network Error
    at eW.getTransactionTransfers (https://solana.fm/_next/static/chunks/pages/_app-61510c4573927ebb.js:315:162174)
    at async eP.buildTransfers (https://solana.fm/_next/static/chunks/pages/_app-61510c4573927ebb.js:315:1937761)
    at async Promise.allSettled (index 6)
    at async eP.buildPartialTransactionInfo (https://solana.fm/_next/static/chunks/pages/_app-61510c4573927ebb.js:315:1930136)
    at async eP.getTransactionInfo (https://solana.fm/_next/static/chunks/pages/_app-61510c4573927ebb.js:315:1926913)
    at async p (https://solana.fm/_next/static/chunks/pages/address/%5B...address%5D-9402748975eef887.js:1:180659) @ https://solana.fm/_next/static/chunks/pages/_app-61510c4573927ebb.js:314
[    4433ms] [ERROR] Failed to load resource: net::ERR_FAILED @ https://api.solana.fm/v0/transfers/4cfvSGsYnQwi6i6DWrsqCiLVgXYszqhNcdZYaQohmjyjurnG7YZmV53kQDWaXGZgiEvaJmyELUxBAJzqcP21CWRo:0
[    4433ms] [ERROR] Access to XMLHttpRequest at 'https://api.solana.fm/v0/transfers/2JhvtSgW1KrbwbrWfnAy9jL1rbNg2F2mDVViMSZZfPifNthmvP9HGP2wkie2H1HDCRc19C9H3Dn7wPHKbkXNW6JV' from origin 'https://solana.fm' has been blocked by CORS policy: No 'Access-Control-Allow-Origin' header is present on the requested resource. @ https://solana.fm/address/EfwJn8cXCYhcGrsavxWSDbUFHPrCK9gvdCr6AVywFBPg/transactions?cluster=mainnet-alpha:0
[    4434ms] [ERROR] Failed to fetch transfers from SolanaFMApi SolanaFMApiError: Failed to fetch transaction transfers.: Network Error
    at eW.getTransactionTransfers (https://solana.fm/_next/static/chunks/pages/_app-61510c4573927ebb.js:315:162174)
    at async eP.buildTransfers (https://solana.fm/_next/static/chunks/pages/_app-61510c4573927ebb.js:315:1937761)
    at async Promise.allSettled (index 6)
    at async eP.buildPartialTransactionInfo (https://solana.fm/_next/static/chunks/pages/_app-61510c4573927ebb.js:315:1930136)
    at async eP.getTransactionInfo (https://solana.fm/_next/static/chunks/pages/_app-61510c4573927ebb.js:315:1926913)
    at async p (https://solana.fm/_next/static/chunks/pages/address/%5B...address%5D-9402748975eef887.js:1:180659) @ https://solana.fm/_next/static/chunks/pages/_app-61510c4573927ebb.js:314
[    4434ms] [ERROR] Failed to load resource: net::ERR_FAILED @ https://api.solana.fm/v0/transfers/2JhvtSgW1KrbwbrWfnAy9jL1rbNg2F2mDVViMSZZfPifNthmvP9HGP2wkie2H1HDCRc19C9H3Dn7wPHKbkXNW6JV:0
[    4434ms] [ERROR] Unable to fetch tip tK @ https://solana.fm/_next/static/chunks/pages/_app-61510c4573927ebb.js:314
[    4436ms] [ERROR] Failed to load resource: net::ERR_NAME_NOT_RESOLVED @ https://tip-api.fly.dev/v0/transactions/instructions/priority/get/public:0
[    4436ms] [ERROR] Unable to fetch tip tK @ https://solana.fm/_next/static/chunks/pages/_app-61510c4573927ebb.js:314
[    4442ms] [ERROR] Failed to load resource: net::ERR_NAME_NOT_RESOLVED @ https://tip-api.fly.dev/v0/transactions/instructions/priority/get/public:0
[    4959ms] [ERROR] Access to XMLHttpRequest at 'https://api.solana.fm/v0/transfers/5MEc2KbA785SDjt8hci1WvT56ozxejBrLZD2ut2aJY47C4UoiPvgbaCRAjqn6EofDfMLWqxKADyZJiV6Ku67WCx4' from origin 'https://solana.fm' has been blocked by CORS policy: No 'Access-Control-Allow-Origin' header is present on the requested resource. @ https://solana.fm/address/EfwJn8cXCYhcGrsavxWSDbUFHPrCK9gvdCr6AVywFBPg/transactions?cluster=mainnet-alpha:0
[    4960ms] [ERROR] Failed to fetch transfers from SolanaFMApi SolanaFMApiError: Failed to fetch transaction transfers.: Network Error
    at eW.getTransactionTransfers (https://solana.fm/_next/static/chunks/pages/_app-61510c4573927ebb.js:315:162174)
    at async eP.buildTransfers (https://solana.fm/_next/static/chunks/pages/_app-61510c4573927ebb.js:315:1937761)
    at async Promise.allSettled (index 6)
    at async eP.buildPartialTransactionInfo (https://solana.fm/_next/static/chunks/pages/_app-61510c4573927ebb.js:315:1930136)
    at async eP.getTransactionInfo (https://solana.fm/_next/static/chunks/pages/_app-61510c4573927ebb.js:315:1926913)
    at async p (https://solana.fm/_next/static/chunks/pages/address/%5B...address%5D-9402748975eef887.js:1:180659) @ https://solana.fm/_next/static/chunks/pages/_app-61510c4573927ebb.js:314
[    4961ms] [ERROR] Failed to load resource: net::ERR_FAILED @ https://api.solana.fm/v0/transfers/5MEc2KbA785SDjt8hci1WvT56ozxejBrLZD2ut2aJY47C4UoiPvgbaCRAjqn6EofDfMLWqxKADyZJiV6Ku67WCx4:0
[    5028ms] [ERROR] Access to XMLHttpRequest at 'https://api.solana.fm/v0/transfers/2gSHZGLgosLsnqQCBCRA3bFV4pjfceLLbDMuJspMnPviG1xiFmabSGzYSHwa8MivNjteuPeiU4e27h7zTyFX4P4f' from origin 'https://solana.fm' has been blocked by CORS policy: No 'Access-Control-Allow-Origin' header is present on the requested resource. @ https://solana.fm/address/EfwJn8cXCYhcGrsavxWSDbUFHPrCK9gvdCr6AVywFBPg/transactions?cluster=mainnet-alpha:0
[    5028ms] [ERROR] Failed to fetch transfers from SolanaFMApi SolanaFMApiError: Failed to fetch transaction transfers.: Network Error
    at eW.getTransactionTransfers (https://solana.fm/_next/static/chunks/pages/_app-61510c4573927ebb.js:315:162174)
    at async eP.buildTransfers (https://solana.fm/_next/static/chunks/pages/_app-61510c4573927ebb.js:315:1937761)
    at async Promise.allSettled (index 6)
    at async eP.buildPartialTransactionInfo (https://solana.fm/_next/static/chunks/pages/_app-61510c4573927ebb.js:315:1930136)
    at async eP.getTransactionInfo (https://solana.fm/_next/static/chunks/pages/_app-61510c4573927ebb.js:315:1926913)
    at async p (https://solana.fm/_next/static/chunks/pages/address/%5B...address%5D-9402748975eef887.js:1:180659) @ https://solana.fm/_next/static/chunks/pages/_app-61510c4573927ebb.js:314
[    5028ms] [ERROR] Failed to load resource: net::ERR_FAILED @ https://api.solana.fm/v0/transfers/2gSHZGLgosLsnqQCBCRA3bFV4pjfceLLbDMuJspMnPviG1xiFmabSGzYSHwa8MivNjteuPeiU4e27h7zTyFX4P4f:0
[    5031ms] [ERROR] Access to XMLHttpRequest at 'https://api.solana.fm/v0/transfers/6jZqRMmU2Wcnpew7Kz61hyKsx5phZpskKbhrR6MGzyJ817Sb4bNVatRtpKcEdbyavVU8vLsrhHgS6tQCZMLYqdT' from origin 'https://solana.fm' has been blocked by CORS policy: No 'Access-Control-Allow-Origin' header is present on the requested resource. @ https://solana.fm/address/EfwJn8cXCYhcGrsavxWSDbUFHPrCK9gvdCr6AVywFBPg/transactions?cluster=mainnet-alpha:0
[    5031ms] [ERROR] Failed to fetch transfers from SolanaFMApi SolanaFMApiError: Failed to fetch transaction transfers.: Network Error
    at eW.getTransactionTransfers (https://solana.fm/_next/static/chunks/pages/_app-61510c4573927ebb.js:315:162174)
    at async eP.buildTransfers (https://solana.fm/_next/static/chunks/pages/_app-61510c4573927ebb.js:315:1937761)
    at async Promise.allSettled (index 6)
    at async eP.buildPartialTransactionInfo (https://solana.fm/_next/static/chunks/pages/_app-61510c4573927ebb.js:315:1930136)
    at async eP.getTransactionInfo (https://solana.fm/_next/static/chunks/pages/_app-61510c4573927ebb.js:315:1926913)
    at async p (https://solana.fm/_next/static/chunks/pages/address/%5B...address%5D-9402748975eef887.js:1:180659) @ https://solana.fm/_next/static/chunks/pages/_app-61510c4573927ebb.js:314
[    5032ms] [ERROR] Failed to load resource: net::ERR_FAILED @ https://api.solana.fm/v0/transfers/6jZqRMmU2Wcnpew7Kz61hyKsx5phZpskKbhrR6MGzyJ817Sb4bNVatRtpKcEdbyavVU8vLsrhHgS6tQCZMLYqdT:0
[    5036ms] [ERROR] Unable to fetch tip tK @ https://solana.fm/_next/static/chunks/pages/_app-61510c4573927ebb.js:314
[    5037ms] [ERROR] Failed to load resource: net::ERR_NAME_NOT_RESOLVED @ https://tip-api.fly.dev/v0/transactions/instructions/priority/get/public:0
[    5037ms] [ERROR] Unable to fetch tip tK @ https://solana.fm/_next/static/chunks/pages/_app-61510c4573927ebb.js:314
[    5044ms] [ERROR] Failed to load resource: net::ERR_NAME_NOT_RESOLVED @ https://tip-api.fly.dev/v0/transactions/instructions/priority/get/public:0
[    5044ms] [ERROR] Unable to fetch tip tK @ https://solana.fm/_next/static/chunks/pages/_app-61510c4573927ebb.js:314
[    5045ms] [ERROR] Failed to load resource: net::ERR_NAME_NOT_RESOLVED @ https://tip-api.fly.dev/v0/transactions/instructions/priority/get/public:0
[    5045ms] [ERROR] Unable to fetch tip tK @ https://solana.fm/_next/static/chunks/pages/_app-61510c4573927ebb.js:314
[    5052ms] [ERROR] Failed to load resource: net::ERR_NAME_NOT_RESOLVED @ https://tip-api.fly.dev/v0/transactions/instructions/priority/get/public:0
[    5052ms] [ERROR] Unable to fetch tip tK @ https://solana.fm/_next/static/chunks/pages/_app-61510c4573927ebb.js:314
[    5053ms] [ERROR] Failed to load resource: net::ERR_NAME_NOT_RESOLVED @ https://tip-api.fly.dev/v0/transactions/instructions/priority/get/public:0
[    5053ms] [ERROR] Unable to fetch tip tK @ https://solana.fm/_next/static/chunks/pages/_app-61510c4573927ebb.js:314
[    5063ms] [ERROR] Failed to load resource: net::ERR_NAME_NOT_RESOLVED @ https://tip-api.fly.dev/v0/transactions/instructions/priority/get/public:0
[    5064ms] [ERROR] tK @ https://solana.fm/_next/static/chunks/pages/_app-61510c4573927ebb.js:314
[    5064ms] [ERROR] Failed to load resource: net::ERR_NAME_NOT_RESOLVED @ https://socials.solana.fm/labels:0
[    5188ms] Error: AxiosError: Network Error
    at e7.getLabelsForHash (https://solana.fm/_next/static/chunks/pages/_app-61510c4573927ebb.js:315:176047)
    at async eE (https://solana.fm/_next/static/chunks/pages/_app-61510c4573927ebb.js:237:2343779)
    at async https://solana.fm/_next/static/chunks/pages/_app-61510c4573927ebb.js:237:2344489
[    5705ms] [ERROR] Unable to fetch tip tK @ https://solana.fm/_next/static/chunks/pages/_app-61510c4573927ebb.js:314
[    5706ms] [ERROR] Failed to load resource: net::ERR_NAME_NOT_RESOLVED @ https://tip-api.fly.dev/v0/transactions/instructions/priority/get/public:0
[    5706ms] [ERROR] Unable to fetch tip tK @ https://solana.fm/_next/static/chunks/pages/_app-61510c4573927ebb.js:314
[    5707ms] [ERROR] Failed to load resource: net::ERR_NAME_NOT_RESOLVED @ https://tip-api.fly.dev/v0/transactions/instructions/priority/get/public:0
[    5708ms] [ERROR] Unable to fetch tip tK @ https://solana.fm/_next/static/chunks/pages/_app-61510c4573927ebb.js:314
[    5709ms] [ERROR] Failed to load resource: net::ERR_NAME_NOT_RESOLVED @ https://tip-api.fly.dev/v0/transactions/instructions/priority/get/public:0
[    5709ms] [ERROR] Unable to fetch tip tK @ https://solana.fm/_next/static/chunks/pages/_app-61510c4573927ebb.js:314
[    5710ms] [ERROR] Failed to load resource: net::ERR_NAME_NOT_RESOLVED @ https://tip-api.fly.dev/v0/transactions/instructions/priority/get/public:0
[    5711ms] [ERROR] Unable to fetch tip tK @ https://solana.fm/_next/static/chunks/pages/_app-61510c4573927ebb.js:314
[    5711ms] [ERROR] Failed to load resource: net::ERR_NAME_NOT_RESOLVED @ https://tip-api.fly.dev/v0/transactions/instructions/priority/get/public:0
[    5712ms] [ERROR] Unable to fetch tip tK @ https://solana.fm/_next/static/chunks/pages/_app-61510c4573927ebb.js:314
[    5712ms] [ERROR] Failed to load resource: net::ERR_NAME_NOT_RESOLVED @ https://tip-api.fly.dev/v0/transactions/instructions/priority/get/public:0
[    5874ms] [ERROR] Access to XMLHttpRequest at 'https://api.solana.fm/v0/transfers/EepDK3n9uW5qz1DU4CbEQqeEzDrKRrp4ET75dgFFRknqSZNJM54xTMdgbgGWDWiSa3a54WjuqUx63ZpwKdtiZTD' from origin 'https://solana.fm' has been blocked by CORS policy: No 'Access-Control-Allow-Origin' header is present on the requested resource. @ https://solana.fm/address/EfwJn8cXCYhcGrsavxWSDbUFHPrCK9gvdCr6AVywFBPg/transactions?cluster=mainnet-alpha:0
[    5875ms] [ERROR] Failed to fetch transfers from SolanaFMApi SolanaFMApiError: Failed to fetch transaction transfers.: Network Error
    at eW.getTransactionTransfers (https://solana.fm/_next/static/chunks/pages/_app-61510c4573927ebb.js:315:162174)
    at async eP.buildTransfers (https://solana.fm/_next/static/chunks/pages/_app-61510c4573927ebb.js:315:1937761)
    at async Promise.allSettled (index 6)
    at async eP.buildPartialTransactionInfo (https://solana.fm/_next/static/chunks/pages/_app-61510c4573927ebb.js:315:1930136)
    at async eP.getTransactionInfo (https://solana.fm/_next/static/chunks/pages/_app-61510c4573927ebb.js:315:1926913)
    at async p (https://solana.fm/_next/static/chunks/pages/address/%5B...address%5D-9402748975eef887.js:1:180659) @ https://solana.fm/_next/static/chunks/pages/_app-61510c4573927ebb.js:314
[    5893ms] [ERROR] Failed to load resource: net::ERR_FAILED @ https://api.solana.fm/v0/transfers/EepDK3n9uW5qz1DU4CbEQqeEzDrKRrp4ET75dgFFRknqSZNJM54xTMdgbgGWDWiSa3a54WjuqUx63ZpwKdtiZTD:0
[    5902ms] [ERROR] Access to XMLHttpRequest at 'https://api.solana.fm/v0/transfers/2sUDScD4ggrR1aRMwNFqwriBtFGJr9vdrnUFvqDLB7fC6GRwnKwZiD8cjJYrqpfz4ULPNKW22p4fySCkMo9z4xHY' from origin 'https://solana.fm' has been blocked by CORS policy: No 'Access-Control-Allow-Origin' header is present on the requested resource. @ https://solana.fm/address/EfwJn8cXCYhcGrsavxWSDbUFHPrCK9gvdCr6AVywFBPg/transactions?cluster=mainnet-alpha:0
[    5902ms] [ERROR] Failed to fetch transfers from SolanaFMApi SolanaFMApiError: Failed to fetch transaction transfers.: Network Error
    at eW.getTransactionTransfers (https://solana.fm/_next/static/chunks/pages/_app-61510c4573927ebb.js:315:162174)
    at async eP.buildTransfers (https://solana.fm/_next/static/chunks/pages/_app-61510c4573927ebb.js:315:1937761)
    at async Promise.allSettled (index 6)
    at async eP.buildPartialTransactionInfo (https://solana.fm/_next/static/chunks/pages/_app-61510c4573927ebb.js:315:1930136)
    at async eP.getTransactionInfo (https://solana.fm/_next/static/chunks/pages/_app-61510c4573927ebb.js:315:1926913)
    at async p (https://solana.fm/_next/static/chunks/pages/address/%5B...address%5D-9402748975eef887.js:1:180659) @ https://solana.fm/_next/static/chunks/pages/_app-61510c4573927ebb.js:314
[    5917ms] [ERROR] Failed to load resource: net::ERR_FAILED @ https://api.solana.fm/v0/transfers/2sUDScD4ggrR1aRMwNFqwriBtFGJr9vdrnUFvqDLB7fC6GRwnKwZiD8cjJYrqpfz4ULPNKW22p4fySCkMo9z4xHY:0
[    5918ms] [ERROR] Access to XMLHttpRequest at 'https://api.solana.fm/v0/transfers/344LnMANFGv7QVoYBPe2n1T44zaKZrNeR2DeUX5kNZn5995oQBDDgetT1oqfatJYZaVdeccbUnGeiKLX16ZY8VSk' from origin 'https://solana.fm' has been blocked by CORS policy: No 'Access-Control-Allow-Origin' header is present on the requested resource. @ https://solana.fm/address/EfwJn8cXCYhcGrsavxWSDbUFHPrCK9gvdCr6AVywFBPg/transactions?cluster=mainnet-alpha:0
[    5918ms] [ERROR] Failed to fetch transfers from SolanaFMApi SolanaFMApiError: Failed to fetch transaction transfers.: Network Error
    at eW.getTransactionTransfers (https://solana.fm/_next/static/chunks/pages/_app-61510c4573927ebb.js:315:162174)
    at async eP.buildTransfers (https://solana.fm/_next/static/chunks/pages/_app-61510c4573927ebb.js:315:1937761)
    at async Promise.allSettled (index 6)
    at async eP.buildPartialTransactionInfo (https://solana.fm/_next/static/chunks/pages/_app-61510c4573927ebb.js:315:1930136)
    at async eP.getTransactionInfo (https://solana.fm/_next/static/chunks/pages/_app-61510c4573927ebb.js:315:1926913)
    at async p (https://solana.fm/_next/static/chunks/pages/address/%5B...address%5D-9402748975eef887.js:1:180659) @ https://solana.fm/_next/static/chunks/pages/_app-61510c4573927ebb.js:314
[    5933ms] [ERROR] Failed to load resource: net::ERR_FAILED @ https://api.solana.fm/v0/transfers/344LnMANFGv7QVoYBPe2n1T44zaKZrNeR2DeUX5kNZn5995oQBDDgetT1oqfatJYZaVdeccbUnGeiKLX16ZY8VSk:0
[    6597ms] [ERROR] Failed to load resource: the server responded with a status of 403 () @ https://gtoken.mypinata.cloud/ipfs/Qmbp16EfvvD9fvvPHH5ieCB9ip9oWJwieYLV2FZUjRfvtG:0
[    6775ms] [ERROR] Failed to load resource: net::ERR_NAME_NOT_RESOLVED @ https://www.turcdn.com/json/walken/metadata.json?2023-05-03-21-25:0
[    6775ms] [ERROR] Failed to load resource: net::ERR_NAME_NOT_RESOLVED @ https://www.turcdn.com/json/slim/metadata.json?2023-05-10-04-22:0
[    6776ms] [ERROR] Failed to load resource: net::ERR_NAME_NOT_RESOLVED @ https://www.turcdn.com/json/hnt/metadata.json?2023-05-03-21-24:0
[    6833ms] [ERROR] Failed to load resource: the server responded with a status of 403 () @ https://gtoken.mypinata.cloud/ipfs/Qmck2MpDRvSLCv5iTjh56c5Ndx2oRfzcdFsWqC1qn6hzub:0
[    7158ms] [ERROR] Failed to load resource: net::ERR_NAME_NOT_RESOLVED @ https://www.wider.guru/json/melea/metadata.json?2024-03-17-23-14-22:0
[    7158ms] [ERROR] Failed to load resource: net::ERR_NAME_NOT_RESOLVED @ https://www.wider.guru/json/meme2/metadata.json?2024-02-13-01-17-22:0
[    7158ms] [ERROR] Failed to load resource: net::ERR_NAME_NOT_RESOLVED @ https://www.wider.guru/json/jup2/metadata.json?2024-03-18-06-46-09:0
[    7159ms] [ERROR] Failed to load resource: net::ERR_NAME_NOT_RESOLVED @ https://www.wider.guru/json/orca/metadata.json?2023-08-08-23-35:0
[    7159ms] [ERROR] Failed to load resource: net::ERR_NAME_NOT_RESOLVED @ https://www.wider.guru/json/meme2/metadata.json?2024-02-13-01-15-21:0
[    7159ms] [ERROR] Failed to load resource: net::ERR_NAME_NOT_RESOLVED @ https://www.wider.guru/json/jup2/metadata.json?2024-03-18-06-44-21:0
[    7159ms] [ERROR] Failed to load resource: net::ERR_NAME_NOT_RESOLVED @ https://www.wider.guru/json/jup2/metadata.json?2024-03-18-06-33-16:0
[    7159ms] [ERROR] Failed to load resource: net::ERR_NAME_NOT_RESOLVED @ https://www.wider.guru/json/jup2/metadata.json?2024-03-18-06-22-22:0
[    7160ms] [ERROR] Failed to load resource: net::ERR_NAME_NOT_RESOLVED @ https://www.wider.guru/json/jup2/metadata.json?2024-03-18-06-27-58:0
[    7160ms] [ERROR] Failed to load resource: net::ERR_NAME_NOT_RESOLVED @ https://www.wider.guru/json/jup2/metadata.json?2024-03-18-00-47-45:0
[    7160ms] [ERROR] Failed to load resource: net::ERR_NAME_NOT_RESOLVED @ https://www.wider.guru/json/jup2/metadata.json?2024-03-18-06-42-30:0
[    7160ms] [ERROR] Failed to load resource: net::ERR_NAME_NOT_RESOLVED @ https://www.wider.guru/json/melea/metadata.json?2024-02-03-01-41-37:0
[    7160ms] [ERROR] Failed to load resource: net::ERR_NAME_NOT_RESOLVED @ https://www.wider.guru/json/jup2/metadata.json?2024-03-18-06-42-45:0
[    7160ms] [ERROR] Failed to load resource: net::ERR_NAME_NOT_RESOLVED @ https://www.wider.guru/json/meme2/metadata.json?2024-02-13-01-11-04:0
[    7160ms] [ERROR] Failed to load resource: net::ERR_NAME_NOT_RESOLVED @ https://www.wider.guru/json/jup2/metadata.json?2024-03-18-06-31-18:0
[    7160ms] [ERROR] Failed to load resource: net::ERR_NAME_NOT_RESOLVED @ https://www.wider.guru/json/jup2/metadata.json?2024-03-17-23-23-14:0
[    7161ms] [ERROR] Failed to load resource: net::ERR_NAME_NOT_RESOLVED @ https://www.wider.guru/json/jup2/metadata.json?2024-03-18-06-29-34:0
[    7161ms] [ERROR] Failed to load resource: net::ERR_NAME_NOT_RESOLVED @ https://www.wider.guru/json/jup2/metadata.json?2024-03-18-06-23-14:0
[    7161ms] [ERROR] Failed to load resource: net::ERR_NAME_NOT_RESOLVED @ https://www.turcdn.com/json/hnt/metadata.json?2023-05-03-21-24:0
[    7161ms] [ERROR] Failed to load resource: net::ERR_NAME_NOT_RESOLVED @ https://www.turcdn.com/json/pip/metadata.json?2023-05-10-04-22:0
[    7161ms] [ERROR] Failed to load resource: net::ERR_NAME_NOT_RESOLVED @ https://www.turcdn.com/json/slim/metadata.json?2023-05-10-04-22:0
[    7161ms] [ERROR] Failed to load resource: net::ERR_NAME_NOT_RESOLVED @ https://www.turcdn.com/json/walken/metadata.json?2023-05-03-21-25:0
[    7162ms] [ERROR] Failed to load resource: net::ERR_NAME_NOT_RESOLVED @ https://www.wider.guru/json/meme2/metadata.json?2024-02-13-01-01-07:0
[    7162ms] [ERROR] Failed to load resource: net::ERR_NAME_NOT_RESOLVED @ https://www.wider.guru/json/jup2/metadata.json?2024-03-18-04-50-39:0
[    7162ms] [ERROR] Failed to load resource: net::ERR_NAME_NOT_RESOLVED @ https://www.wider.guru/json/jup2/metadata.json?2024-03-17-22-32-30:0
[    7162ms] [ERROR] Failed to load resource: net::ERR_NAME_NOT_RESOLVED @ https://www.wider.guru/json/jup2/metadata.json?2024-03-18-06-44-59:0
[    7193ms] [ERROR] Failed to load resource: the server responded with a status of 403 () @ https://gtoken.mypinata.cloud/ipfs/QmW472wC94VRttDijoSe4qFDASwfL8aYCAJkxaKA5KDKsR:0
[    7194ms] [ERROR] Failed to load resource: net::ERR_NAME_NOT_RESOLVED @ https://www.wider.guru/json/bonkbox/metadata.json?2023-07-02-07-49:0
[    7194ms] [ERROR] Failed to load resource: net::ERR_NAME_NOT_RESOLVED @ https://www.wider.guru/json/jup2/metadata.json?2024-02-01-21-12-11:0
[    7194ms] [ERROR] Failed to load resource: net::ERR_NAME_NOT_RESOLVED @ https://www.wider.guru/json/jup2/metadata.json?2024-03-18-02-50-08:0
[    7195ms] [ERROR] Failed to load resource: net::ERR_NAME_NOT_RESOLVED @ https://www.wider.guru/json/jup2/metadata.json?2024-03-18-06-22-06:0
[    7195ms] [ERROR] Failed to load resource: net::ERR_NAME_NOT_RESOLVED @ https://www.wider.guru/json/jup2/metadata.json?2024-03-17-23-26-39:0
[    7195ms] [ERROR] Failed to load resource: net::ERR_NAME_NOT_RESOLVED @ https://www.wider.guru/json/orca/metadata.json?2023-08-08-23-31:0
[    7195ms] [ERROR] Failed to load resource: net::ERR_NAME_NOT_RESOLVED @ https://www.turcdn.com/json/acs/metadata.json?2023-05-10-04-22:0
[    7195ms] [ERROR] Failed to load resource: net::ERR_NAME_NOT_RESOLVED @ https://www.turcdn.com/json/stepn/metadata.json?2023-05-03-21-25:0
[    7195ms] [ERROR] Failed to load resource: net::ERR_NAME_NOT_RESOLVED @ https://www.turcdn.com/json/serum/metadata.json?2023-05-10-04-22:0
[    7195ms] [ERROR] Failed to load resource: net::ERR_NAME_NOT_RESOLVED @ https://www.turcdn.com/json/bonkbox/metadata.json?2023-05-03-21-24:0
[    7195ms] [ERROR] Failed to load resource: net::ERR_NAME_NOT_RESOLVED @ https://www.turcdn.com/json/bonfida/metadata.json?2023-05-10-04-22:0
[    7196ms] [ERROR] Failed to load resource: net::ERR_NAME_NOT_RESOLVED @ https://www.turcdn.com/json/hnt/metadata.json?2023-05-03-21-24:0
[    7196ms] [ERROR] Failed to load resource: net::ERR_NAME_NOT_RESOLVED @ https://www.wider.guru/json/jup2/metadata.json?2024-03-18-06-34-58:0
[    7196ms] [ERROR] Failed to load resource: net::ERR_NAME_NOT_RESOLVED @ https://www.wider.guru/json/meme2/metadata.json?2024-02-13-01-10-53:0
[    7196ms] [ERROR] Failed to load resource: net::ERR_NAME_NOT_RESOLVED @ https://www.wider.guru/json/jup2/metadata.json?2024-03-18-06-43-38:0
[    7197ms] [ERROR] Failed to load resource: net::ERR_NAME_NOT_RESOLVED @ https://www.wider.guru/json/acs/metadata.json?2023-07-02-08-04:0
[    7197ms] [ERROR] Failed to load resource: net::ERR_NAME_NOT_RESOLVED @ https://www.wider.guru/json/jup2/metadata.json?2024-03-18-04-51-30:0
[    7197ms] [ERROR] Failed to load resource: net::ERR_NAME_NOT_RESOLVED @ https://www.wider.guru/json/hnt/metadata.json?2023-07-02-07-59:0
[    7202ms] [ERROR] Failed to load resource: net::ERR_NAME_NOT_RESOLVED @ https://bonkmint.com/bdt.json:0
[    7238ms] [ERROR] Failed to load resource: net::ERR_NAME_NOT_RESOLVED @ https://www.wider.guru/json/meme2/metadata.json?2024-02-13-01-18-01:0
[    7238ms] [ERROR] Failed to load resource: net::ERR_NAME_NOT_RESOLVED @ https://www.wider.guru/json/bonkbox/metadata.json?2023-07-02-07-49:0
[    7238ms] [ERROR] Failed to load resource: net::ERR_NAME_NOT_RESOLVED @ https://www.wider.guru/json/jup2/metadata.json?2024-03-18-06-26-28:0
[    7238ms] [ERROR] Failed to load resource: net::ERR_NAME_NOT_RESOLVED @ https://www.wider.guru/json/jup2/metadata.json?2024-03-18-06-20-55:0
[    7299ms] [ERROR] Failed to load resource: the server responded with a status of 403 () @ https://gtoken.mypinata.cloud/ipfs/Qme4FLk3SdzSSd2ZqoFfVCfAxeR1gzRXpWK1jrU58om6np:0
[    7390ms] [ERROR] Failed to load resource: the server responded with a status of 403 () @ https://gtoken.mypinata.cloud/ipfs/Qme65kVucEjfxyj8PihDm9M7tM1zhFH2Ji8VdN2P3ikscY:0
[    7482ms] [ERROR] tK @ https://solana.fm/_next/static/chunks/pages/_app-61510c4573927ebb.js:314
[    7482ms] [ERROR] Failed to load resource: net::ERR_NAME_NOT_RESOLVED @ https://socials.solana.fm/labels:0
[    7482ms] Error: AxiosError: Network Error
    at e7.getLabelsForHash (https://solana.fm/_next/static/chunks/pages/_app-61510c4573927ebb.js:315:176047)
    at async eE (https://solana.fm/_next/static/chunks/pages/_app-61510c4573927ebb.js:237:2343779)
    at async https://solana.fm/_next/static/chunks/pages/_app-61510c4573927ebb.js:237:2344489
[    7788ms] [ERROR] Access to XMLHttpRequest at 'https://api.solana.fm/v0/accounts' from origin 'https://solana.fm' has been blocked by CORS policy: Response to preflight request doesn't pass access control check: No 'Access-Control-Allow-Origin' header is present on the requested resource. @ https://solana.fm/address/EfwJn8cXCYhcGrsavxWSDbUFHPrCK9gvdCr6AVywFBPg/transactions?cluster=mainnet-alpha:0
[    7788ms] [ERROR] SolanaFMApiError: Failed to fetch accounts info.: Network Error
    at eW.getMultipleAccounts (https://solana.fm/_next/static/chunks/pages/_app-61510c4573927ebb.js:315:157112)
    at async ga (https://solana.fm/_next/static/chunks/pages/_app-61510c4573927ebb.js:315:1809162)
    at async Promise.allSettled (index 1)
    at async eP.batchInitTxs (https://solana.fm/_next/static/chunks/pages/_app-61510c4573927ebb.js:315:1942086)
    at async p (https://solana.fm/_next/static/chunks/pages/address/%5B...address%5D-9402748975eef887.js:1:180471) @ https://solana.fm/_next/static/chunks/pages/_app-61510c4573927ebb.js:314
[    7802ms] [ERROR] Failed to load resource: net::ERR_FAILED @ https://api.solana.fm/v0/accounts:0
[    7802ms] [ERROR] Access to XMLHttpRequest at 'https://api.solana.fm/v1/tokens' from origin 'https://solana.fm' has been blocked by CORS policy: Response to preflight request doesn't pass access control check: No 'Access-Control-Allow-Origin' header is present on the requested resource. @ https://solana.fm/address/EfwJn8cXCYhcGrsavxWSDbUFHPrCK9gvdCr6AVywFBPg/transactions?cluster=mainnet-alpha:0
[    7803ms] [ERROR] Failed to load resource: net::ERR_FAILED @ https://api.solana.fm/v1/tokens:0
[    7803ms] [ERROR] Access to XMLHttpRequest at 'https://api.solana.fm/v0/accounts' from origin 'https://solana.fm' has been blocked by CORS policy: Response to preflight request doesn't pass access control check: No 'Access-Control-Allow-Origin' header is present on the requested resource. @ https://solana.fm/address/EfwJn8cXCYhcGrsavxWSDbUFHPrCK9gvdCr6AVywFBPg/transactions?cluster=mainnet-alpha:0
[    7803ms] [ERROR] SolanaFMApiError: Failed to fetch accounts info.: Network Error
    at eW.getMultipleAccounts (https://solana.fm/_next/static/chunks/pages/_app-61510c4573927ebb.js:315:157112)
    at async ga (https://solana.fm/_next/static/chunks/pages/_app-61510c4573927ebb.js:315:1809162)
    at async Promise.allSettled (index 1)
    at async eP.batchInitTxs (https://solana.fm/_next/static/chunks/pages/_app-61510c4573927ebb.js:315:1942086)
    at async p (https://solana.fm/_next/static/chunks/pages/address/%5B...address%5D-9402748975eef887.js:1:180471) @ https://solana.fm/_next/static/chunks/pages/_app-61510c4573927ebb.js:314
[    7803ms] [ERROR] Failed to load resource: net::ERR_FAILED @ https://api.solana.fm/v0/accounts:0
[    7803ms] [ERROR] Access to XMLHttpRequest at 'https://api.solana.fm/v1/tokens' from origin 'https://solana.fm' has been blocked by CORS policy: Response to preflight request doesn't pass access control check: No 'Access-Control-Allow-Origin' header is present on the requested resource. @ https://solana.fm/address/EfwJn8cXCYhcGrsavxWSDbUFHPrCK9gvdCr6AVywFBPg/transactions?cluster=mainnet-alpha:0
[    7824ms] [ERROR] Failed to load resource: net::ERR_FAILED @ https://api.solana.fm/v1/tokens:0
[    7824ms] [ERROR] Access to XMLHttpRequest at 'https://api.solana.fm/v0/accounts' from origin 'https://solana.fm' has been blocked by CORS policy: Response to preflight request doesn't pass access control check: No 'Access-Control-Allow-Origin' header is present on the requested resource. @ https://solana.fm/address/EfwJn8cXCYhcGrsavxWSDbUFHPrCK9gvdCr6AVywFBPg/transactions?cluster=mainnet-alpha:0
[    7824ms] [ERROR] SolanaFMApiError: Failed to fetch accounts info.: Network Error
    at eW.getMultipleAccounts (https://solana.fm/_next/static/chunks/pages/_app-61510c4573927ebb.js:315:157112)
    at async ga (https://solana.fm/_next/static/chunks/pages/_app-61510c4573927ebb.js:315:1809162)
    at async Promise.allSettled (index 1)
    at async eP.batchInitTxs (https://solana.fm/_next/static/chunks/pages/_app-61510c4573927ebb.js:315:1942086)
    at async p (https://solana.fm/_next/static/chunks/pages/address/%5B...address%5D-9402748975eef887.js:1:180471) @ https://solana.fm/_next/static/chunks/pages/_app-61510c4573927ebb.js:314
[    7839ms] [ERROR] Failed to load resource: net::ERR_FAILED @ https://api.solana.fm/v0/accounts:0
[    7939ms] [ERROR] Failed to load resource: net::ERR_NAME_NOT_RESOLVED @ https://socials.solana.fm/tags?hash=EfwJn8cXCYhcGrsavxWSDbUFHPrCK9gvdCr6AVywFBPg&network=Mainnet:0
[    7991ms] [ERROR] Access to XMLHttpRequest at 'https://api.solana.fm/v1/tokens' from origin 'https://solana.fm' has been blocked by CORS policy: Response to preflight request doesn't pass access control check: No 'Access-Control-Allow-Origin' header is present on the requested resource. @ https://solana.fm/address/EfwJn8cXCYhcGrsavxWSDbUFHPrCK9gvdCr6AVywFBPg/transactions?cluster=mainnet-alpha:0
[    7991ms] [ERROR] Failed to load resource: net::ERR_FAILED @ https://api.solana.fm/v1/tokens:0
[    7994ms] [ERROR] Access to XMLHttpRequest at 'https://api.solana.fm/v0/accounts' from origin 'https://solana.fm' has been blocked by CORS policy: Response to preflight request doesn't pass access control check: No 'Access-Control-Allow-Origin' header is present on the requested resource. @ https://solana.fm/address/EfwJn8cXCYhcGrsavxWSDbUFHPrCK9gvdCr6AVywFBPg/transactions?cluster=mainnet-alpha:0
[    7994ms] [ERROR] SolanaFMApiError: Failed to fetch accounts info.: Network Error
    at eW.getMultipleAccounts (https://solana.fm/_next/static/chunks/pages/_app-61510c4573927ebb.js:315:157112)
    at async ga (https://solana.fm/_next/static/chunks/pages/_app-61510c4573927ebb.js:315:1809162)
    at async Promise.allSettled (index 1)
    at async eP.batchInitTxs (https://solana.fm/_next/static/chunks/pages/_app-61510c4573927ebb.js:315:1942086)
    at async p (https://solana.fm/_next/static/chunks/pages/address/%5B...address%5D-9402748975eef887.js:1:180471) @ https://solana.fm/_next/static/chunks/pages/_app-61510c4573927ebb.js:314
[    8007ms] [ERROR] Failed to load resource: net::ERR_FAILED @ https://api.solana.fm/v0/accounts:0
[    8025ms] [ERROR] Unable to fetch tip tK @ https://solana.fm/_next/static/chunks/pages/_app-61510c4573927ebb.js:314
[    8025ms] [ERROR] Failed to load resource: net::ERR_NAME_NOT_RESOLVED @ https://tip-api.fly.dev/v0/transactions/instructions/priority/get/public:0
[    8026ms] [ERROR] Unable to fetch tip tK @ https://solana.fm/_next/static/chunks/pages/_app-61510c4573927ebb.js:314
[    8027ms] [ERROR] Failed to load resource: net::ERR_NAME_NOT_RESOLVED @ https://tip-api.fly.dev/v0/transactions/instructions/priority/get/public:0
[    8027ms] [ERROR] Unable to fetch tip tK @ https://solana.fm/_next/static/chunks/pages/_app-61510c4573927ebb.js:314
[    8028ms] [ERROR] Failed to load resource: net::ERR_NAME_NOT_RESOLVED @ https://tip-api.fly.dev/v0/transactions/instructions/priority/get/public:0
[    8028ms] [ERROR] Unable to fetch tip tK @ https://solana.fm/_next/static/chunks/pages/_app-61510c4573927ebb.js:314
[    8029ms] [ERROR] Failed to load resource: net::ERR_NAME_NOT_RESOLVED @ https://tip-api.fly.dev/v0/transactions/instructions/priority/get/public:0
[    8029ms] [ERROR] Unable to fetch tip tK @ https://solana.fm/_next/static/chunks/pages/_app-61510c4573927ebb.js:314
[    8030ms] [ERROR] Failed to load resource: net::ERR_NAME_NOT_RESOLVED @ https://tip-api.fly.dev/v0/transactions/instructions/priority/get/public:0
[    8030ms] [ERROR] Unable to fetch tip tK @ https://solana.fm/_next/static/chunks/pages/_app-61510c4573927ebb.js:314
[    8030ms] [ERROR] Failed to load resource: net::ERR_NAME_NOT_RESOLVED @ https://tip-api.fly.dev/v0/transactions/instructions/priority/get/public:0
[    8048ms] [ERROR] Access to XMLHttpRequest at 'https://api.solana.fm/v0/transfers/4DMzCAvPhbEJckgvE6R2bF8K82p5Q1hynrKWiU7xQFftj9biP46uxjWVdYSqLpHghfgimYDhEBYxwSZopk6caC4J' from origin 'https://solana.fm' has been blocked by CORS policy: No 'Access-Control-Allow-Origin' header is present on the requested resource. @ https://solana.fm/address/EfwJn8cXCYhcGrsavxWSDbUFHPrCK9gvdCr6AVywFBPg/transactions?cluster=mainnet-alpha:0
[    8048ms] [ERROR] Failed to fetch transfers from SolanaFMApi SolanaFMApiError: Failed to fetch transaction transfers.: Network Error
    at eW.getTransactionTransfers (https://solana.fm/_next/static/chunks/pages/_app-61510c4573927ebb.js:315:162174)
    at async eP.buildTransfers (https://solana.fm/_next/static/chunks/pages/_app-61510c4573927ebb.js:315:1937761)
    at async Promise.allSettled (index 6)
    at async eP.buildPartialTransactionInfo (https://solana.fm/_next/static/chunks/pages/_app-61510c4573927ebb.js:315:1930136)
    at async eP.getTransactionInfo (https://solana.fm/_next/static/chunks/pages/_app-61510c4573927ebb.js:315:1926913)
    at async p (https://solana.fm/_next/static/chunks/pages/address/%5B...address%5D-9402748975eef887.js:1:180659) @ https://solana.fm/_next/static/chunks/pages/_app-61510c4573927ebb.js:314
[    8053ms] [ERROR] Failed to load resource: net::ERR_FAILED @ https://api.solana.fm/v0/transfers/4DMzCAvPhbEJckgvE6R2bF8K82p5Q1hynrKWiU7xQFftj9biP46uxjWVdYSqLpHghfgimYDhEBYxwSZopk6caC4J:0
[    8067ms] [ERROR] Access to XMLHttpRequest at 'https://api.solana.fm/v0/transfers/3KJq3LR2Cws9ZE5hCK6f26T9LvS7ux3feMgVBgh1UzJMCigqaudVyiwyEmMc91pRcDu7tb9apPQasuBeUZjSeYem' from origin 'https://solana.fm' has been blocked by CORS policy: No 'Access-Control-Allow-Origin' header is present on the requested resource. @ https://solana.fm/address/EfwJn8cXCYhcGrsavxWSDbUFHPrCK9gvdCr6AVywFBPg/transactions?cluster=mainnet-alpha:0
[    8067ms] [ERROR] Failed to fetch transfers from SolanaFMApi SolanaFMApiError: Failed to fetch transaction transfers.: Network Error
    at eW.getTransactionTransfers (https://solana.fm/_next/static/chunks/pages/_app-61510c4573927ebb.js:315:162174)
    at async eP.buildTransfers (https://solana.fm/_next/static/chunks/pages/_app-61510c4573927ebb.js:315:1937761)
    at async Promise.allSettled (index 6)
    at async eP.buildPartialTransactionInfo (https://solana.fm/_next/static/chunks/pages/_app-61510c4573927ebb.js:315:1930136)
    at async eP.getTransactionInfo (https://solana.fm/_next/static/chunks/pages/_app-61510c4573927ebb.js:315:1926913)
    at async p (https://solana.fm/_next/static/chunks/pages/address/%5B...address%5D-9402748975eef887.js:1:180659) @ https://solana.fm/_next/static/chunks/pages/_app-61510c4573927ebb.js:314
[    8072ms] [ERROR] Failed to load resource: net::ERR_FAILED @ https://api.solana.fm/v0/transfers/3KJq3LR2Cws9ZE5hCK6f26T9LvS7ux3feMgVBgh1UzJMCigqaudVyiwyEmMc91pRcDu7tb9apPQasuBeUZjSeYem:0
[    8085ms] [ERROR] Access to XMLHttpRequest at 'https://api.solana.fm/v0/transfers/5FvckecG9EqzRL4Wqd8jkjhooCBnxycpnEjXCChRQmMGD5uHSYPNC8YdJxw6AkAErv28mrkwnB4VkoaCzbHngaoF' from origin 'https://solana.fm' has been blocked by CORS policy: No 'Access-Control-Allow-Origin' header is present on the requested resource. @ https://solana.fm/address/EfwJn8cXCYhcGrsavxWSDbUFHPrCK9gvdCr6AVywFBPg/transactions?cluster=mainnet-alpha:0
[    8085ms] [ERROR] Failed to fetch transfers from SolanaFMApi SolanaFMApiError: Failed to fetch transaction transfers.: Network Error
    at eW.getTransactionTransfers (https://solana.fm/_next/static/chunks/pages/_app-61510c4573927ebb.js:315:162174)
    at async eP.buildTransfers (https://solana.fm/_next/static/chunks/pages/_app-61510c4573927ebb.js:315:1937761)
    at async Promise.allSettled (index 6)
    at async eP.buildPartialTransactionInfo (https://solana.fm/_next/static/chunks/pages/_app-61510c4573927ebb.js:315:1930136)
    at async eP.getTransactionInfo (https://solana.fm/_next/static/chunks/pages/_app-61510c4573927ebb.js:315:1926913)
    at async p (https://solana.fm/_next/static/chunks/pages/address/%5B...address%5D-9402748975eef887.js:1:180659) @ https://solana.fm/_next/static/chunks/pages/_app-61510c4573927ebb.js:314
[    8090ms] [ERROR] Failed to load resource: net::ERR_FAILED @ https://api.solana.fm/v0/transfers/5FvckecG9EqzRL4Wqd8jkjhooCBnxycpnEjXCChRQmMGD5uHSYPNC8YdJxw6AkAErv28mrkwnB4VkoaCzbHngaoF:0
[    8099ms] [ERROR] Unable to fetch tip tK @ https://solana.fm/_next/static/chunks/pages/_app-61510c4573927ebb.js:314
[    8100ms] [ERROR] Failed to load resource: net::ERR_NAME_NOT_RESOLVED @ https://tip-api.fly.dev/v0/transactions/instructions/priority/get/public:0
[    8100ms] [ERROR] Unable to fetch tip tK @ https://solana.fm/_next/static/chunks/pages/_app-61510c4573927ebb.js:314
[    8101ms] [ERROR] Failed to load resource: net::ERR_NAME_NOT_RESOLVED @ https://tip-api.fly.dev/v0/transactions/instructions/priority/get/public:0
[    8101ms] [ERROR] Unable to fetch tip tK @ https://solana.fm/_next/static/chunks/pages/_app-61510c4573927ebb.js:314
[    8102ms] [ERROR] Failed to load resource: net::ERR_NAME_NOT_RESOLVED @ https://tip-api.fly.dev/v0/transactions/instructions/priority/get/public:0
[    8102ms] [ERROR] Unable to fetch tip tK @ https://solana.fm/_next/static/chunks/pages/_app-61510c4573927ebb.js:314
[    8103ms] [ERROR] Failed to load resource: net::ERR_NAME_NOT_RESOLVED @ https://tip-api.fly.dev/v0/transactions/instructions/priority/get/public:0
[    8103ms] [ERROR] Unable to fetch tip tK @ https://solana.fm/_next/static/chunks/pages/_app-61510c4573927ebb.js:314
[    8104ms] [ERROR] Failed to load resource: net::ERR_NAME_NOT_RESOLVED @ https://tip-api.fly.dev/v0/transactions/instructions/priority/get/public:0
[    8104ms] [ERROR] Unable to fetch tip tK @ https://solana.fm/_next/static/chunks/pages/_app-61510c4573927ebb.js:314
[    8104ms] [ERROR] Failed to load resource: net::ERR_NAME_NOT_RESOLVED @ https://tip-api.fly.dev/v0/transactions/instructions/priority/get/public:0
[    8170ms] [ERROR] Unable to fetch tip tK @ https://solana.fm/_next/static/chunks/pages/_app-61510c4573927ebb.js:314
[    8171ms] [ERROR] Failed to load resource: net::ERR_NAME_NOT_RESOLVED @ https://tip-api.fly.dev/v0/transactions/instructions/priority/get/public:0
[    8171ms] [ERROR] Unable to fetch tip tK @ https://solana.fm/_next/static/chunks/pages/_app-61510c4573927ebb.js:314
[    8172ms] [ERROR] Failed to load resource: net::ERR_NAME_NOT_RESOLVED @ https://tip-api.fly.dev/v0/transactions/instructions/priority/get/public:0
[    8190ms] [ERROR] Access to XMLHttpRequest at 'https://api.solana.fm/v1/name-service/EfwJn8cXCYhcGrsavxWSDbUFHPrCK9gvdCr6AVywFBPg' from origin 'https://solana.fm' has been blocked by CORS policy: No 'Access-Control-Allow-Origin' header is present on the requested resource. @ https://solana.fm/address/EfwJn8cXCYhcGrsavxWSDbUFHPrCK9gvdCr6AVywFBPg/transactions?cluster=mainnet-alpha:0
[    8190ms] [ERROR] Error fetching data: SolanaFMApiError: Failed to fetch validators info.: Network Error
    at eY.getNameServices (https://solana.fm/_next/static/chunks/pages/_app-61510c4573927ebb.js:315:167726)
    at async https://solana.fm/_next/static/chunks/1887-188603e7995a11d7.js:1:18150
    at async https://solana.fm/_next/static/chunks/pages/_app-61510c4573927ebb.js:503:14580 @ https://solana.fm/_next/static/chunks/1887-188603e7995a11d7.js:0
[    8192ms] [ERROR] Failed to load resource: net::ERR_FAILED @ https://api.solana.fm/v1/name-service/EfwJn8cXCYhcGrsavxWSDbUFHPrCK9gvdCr6AVywFBPg:0
[    8253ms] [ERROR] Access to XMLHttpRequest at 'https://api.solana.fm/v0/transfers/29VrAUwN1MgHCqPF9eJWdRyTDe9j3unNZrAWgC49NN8Df73T11a2cQmKSTwBvE6qW5JQTJY7G1v26pciMFLVfmbU' from origin 'https://solana.fm' has been blocked by CORS policy: No 'Access-Control-Allow-Origin' header is present on the requested resource. @ https://solana.fm/address/EfwJn8cXCYhcGrsavxWSDbUFHPrCK9gvdCr6AVywFBPg/transactions?cluster=mainnet-alpha:0
[    8253ms] [ERROR] Failed to fetch transfers from SolanaFMApi SolanaFMApiError: Failed to fetch transaction transfers.: Network Error
    at eW.getTransactionTransfers (https://solana.fm/_next/static/chunks/pages/_app-61510c4573927ebb.js:315:162174)
    at async eP.buildTransfers (https://solana.fm/_next/static/chunks/pages/_app-61510c4573927ebb.js:315:1937761)
    at async Promise.allSettled (index 6)
    at async eP.buildPartialTransactionInfo (https://solana.fm/_next/static/chunks/pages/_app-61510c4573927ebb.js:315:1930136)
    at async eP.getTransactionInfo (https://solana.fm/_next/static/chunks/pages/_app-61510c4573927ebb.js:315:1926913)
    at async p (https://solana.fm/_next/static/chunks/pages/address/%5B...address%5D-9402748975eef887.js:1:180659) @ https://solana.fm/_next/static/chunks/pages/_app-61510c4573927ebb.js:314
[    8279ms] [ERROR] Failed to load resource: net::ERR_FAILED @ https://api.solana.fm/v0/transfers/29VrAUwN1MgHCqPF9eJWdRyTDe9j3unNZrAWgC49NN8Df73T11a2cQmKSTwBvE6qW5JQTJY7G1v26pciMFLVfmbU:0
[    8322ms] [ERROR] Access to XMLHttpRequest at 'https://api.solana.fm/v0/transfers/5FSaJmBi6ahRiEdsr67wkks3KvesePhvKx3bjbvAbNh1cSFaUHsLm8qgRBGhj9c135dD4i4MDv8gfY5TNzRxZeje' from origin 'https://solana.fm' has been blocked by CORS policy: No 'Access-Control-Allow-Origin' header is present on the requested resource. @ https://solana.fm/address/EfwJn8cXCYhcGrsavxWSDbUFHPrCK9gvdCr6AVywFBPg/transactions?cluster=mainnet-alpha:0
[    8322ms] [ERROR] Failed to fetch transfers from SolanaFMApi SolanaFMApiError: Failed to fetch transaction transfers.: Network Error
    at eW.getTransactionTransfers (https://solana.fm/_next/static/chunks/pages/_app-61510c4573927ebb.js:315:162174)
    at async eP.buildTransfers (https://solana.fm/_next/static/chunks/pages/_app-61510c4573927ebb.js:315:1937761)
    at async Promise.allSettled (index 6)
    at async eP.buildPartialTransactionInfo (https://solana.fm/_next/static/chunks/pages/_app-61510c4573927ebb.js:315:1930136)
    at async eP.getTransactionInfo (https://solana.fm/_next/static/chunks/pages/_app-61510c4573927ebb.js:315:1926913)
    at async p (https://solana.fm/_next/static/chunks/pages/address/%5B...address%5D-9402748975eef887.js:1:180659) @ https://solana.fm/_next/static/chunks/pages/_app-61510c4573927ebb.js:314
[    8326ms] [ERROR] Failed to load resource: net::ERR_FAILED @ https://api.solana.fm/v0/transfers/5FSaJmBi6ahRiEdsr67wkks3KvesePhvKx3bjbvAbNh1cSFaUHsLm8qgRBGhj9c135dD4i4MDv8gfY5TNzRxZeje:0
[    8326ms] [ERROR] Access to XMLHttpRequest at 'https://api.solana.fm/v0/transfers/4dFARTmXEdHjDPKtALZGPGJNfb8v6hTN8Svq42hNGGFpn5SzZsvHXMWqvFwxB5yogTFRXNzdzmQXgb24h1sRAdz' from origin 'https://solana.fm' has been blocked by CORS policy: No 'Access-Control-Allow-Origin' header is present on the requested resource. @ https://solana.fm/address/EfwJn8cXCYhcGrsavxWSDbUFHPrCK9gvdCr6AVywFBPg/transactions?cluster=mainnet-alpha:0
[    8326ms] [ERROR] Failed to fetch transfers from SolanaFMApi SolanaFMApiError: Failed to fetch transaction transfers.: Network Error
    at eW.getTransactionTransfers (https://solana.fm/_next/static/chunks/pages/_app-61510c4573927ebb.js:315:162174)
    at async eP.buildTransfers (https://solana.fm/_next/static/chunks/pages/_app-61510c4573927ebb.js:315:1937761)
    at async Promise.allSettled (index 6)
    at async eP.buildPartialTransactionInfo (https://solana.fm/_next/static/chunks/pages/_app-61510c4573927ebb.js:315:1930136)
    at async eP.getTransactionInfo (https://solana.fm/_next/static/chunks/pages/_app-61510c4573927ebb.js:315:1926913)
    at async p (https://solana.fm/_next/static/chunks/pages/address/%5B...address%5D-9402748975eef887.js:1:180659) @ https://solana.fm/_next/static/chunks/pages/_app-61510c4573927ebb.js:314
[    8331ms] [ERROR] Failed to load resource: net::ERR_FAILED @ https://api.solana.fm/v0/transfers/4dFARTmXEdHjDPKtALZGPGJNfb8v6hTN8Svq42hNGGFpn5SzZsvHXMWqvFwxB5yogTFRXNzdzmQXgb24h1sRAdz:0
[    8333ms] [ERROR] Access to XMLHttpRequest at 'https://api.solana.fm/v0/transfers/3b43bhhWp496Udv7ZjGj9ggpcpAdzs2KBsA7r3V1ve7h7YyazwQXuv8EqTUNSDVPwP7kqPAMEW4nqCW23LMoqq3z' from origin 'https://solana.fm' has been blocked by CORS policy: No 'Access-Control-Allow-Origin' header is present on the requested resource. @ https://solana.fm/address/EfwJn8cXCYhcGrsavxWSDbUFHPrCK9gvdCr6AVywFBPg/transactions?cluster=mainnet-alpha:0
[    8333ms] [ERROR] Failed to fetch transfers from SolanaFMApi SolanaFMApiError: Failed to fetch transaction transfers.: Network Error
    at eW.getTransactionTransfers (https://solana.fm/_next/static/chunks/pages/_app-61510c4573927ebb.js:315:162174)
    at async eP.buildTransfers (https://solana.fm/_next/static/chunks/pages/_app-61510c4573927ebb.js:315:1937761)
    at async Promise.allSettled (index 6)
    at async eP.buildPartialTransactionInfo (https://solana.fm/_next/static/chunks/pages/_app-61510c4573927ebb.js:315:1930136)
    at async eP.getTransactionInfo (https://solana.fm/_next/static/chunks/pages/_app-61510c4573927ebb.js:315:1926913)
    at async p (https://solana.fm/_next/static/chunks/pages/address/%5B...address%5D-9402748975eef887.js:1:180659) @ https://solana.fm/_next/static/chunks/pages/_app-61510c4573927ebb.js:314
[    8338ms] [ERROR] Failed to load resource: net::ERR_FAILED @ https://api.solana.fm/v0/transfers/3b43bhhWp496Udv7ZjGj9ggpcpAdzs2KBsA7r3V1ve7h7YyazwQXuv8EqTUNSDVPwP7kqPAMEW4nqCW23LMoqq3z:0
[    8473ms] [ERROR] Unable to fetch tip tK @ https://solana.fm/_next/static/chunks/pages/_app-61510c4573927ebb.js:314
[    8474ms] [ERROR] Failed to load resource: net::ERR_NAME_NOT_RESOLVED @ https://tip-api.fly.dev/v0/transactions/instructions/priority/get/public:0
[    8474ms] [ERROR] Unable to fetch tip tK @ https://solana.fm/_next/static/chunks/pages/_app-61510c4573927ebb.js:314
[    8475ms] [ERROR] Failed to load resource: net::ERR_NAME_NOT_RESOLVED @ https://tip-api.fly.dev/v0/transactions/instructions/priority/get/public:0
[    8475ms] [ERROR] Unable to fetch tip tK @ https://solana.fm/_next/static/chunks/pages/_app-61510c4573927ebb.js:314
[    8476ms] [ERROR] Failed to load resource: net::ERR_NAME_NOT_RESOLVED @ https://tip-api.fly.dev/v0/transactions/instructions/priority/get/public:0
[    8476ms] [ERROR] Unable to fetch tip tK @ https://solana.fm/_next/static/chunks/pages/_app-61510c4573927ebb.js:314
[    8477ms] [ERROR] Failed to load resource: net::ERR_NAME_NOT_RESOLVED @ https://tip-api.fly.dev/v0/transactions/instructions/priority/get/public:0
[    8477ms] [ERROR] Unable to fetch tip tK @ https://solana.fm/_next/static/chunks/pages/_app-61510c4573927ebb.js:314
[    8478ms] [ERROR] Failed to load resource: net::ERR_NAME_NOT_RESOLVED @ https://tip-api.fly.dev/v0/transactions/instructions/priority/get/public:0
[    8478ms] [ERROR] Unable to fetch tip tK @ https://solana.fm/_next/static/chunks/pages/_app-61510c4573927ebb.js:314
[    8479ms] [ERROR] Failed to load resource: net::ERR_NAME_NOT_RESOLVED @ https://tip-api.fly.dev/v0/transactions/instructions/priority/get/public:0
[    8573ms] [ERROR] Access to XMLHttpRequest at 'https://api.solana.fm/v0/transfers/513arqgFFUDJFeHoTj3jxVhrkh7SegePwTRbD84zsxqR5jX24BhykGraMPdB7PsYuUKdb9mfJc5azqHs8WPNt1Av' from origin 'https://solana.fm' has been blocked by CORS policy: No 'Access-Control-Allow-Origin' header is present on the requested resource. @ https://solana.fm/address/EfwJn8cXCYhcGrsavxWSDbUFHPrCK9gvdCr6AVywFBPg/transactions?cluster=mainnet-alpha:0
[    8573ms] [ERROR] Failed to fetch transfers from SolanaFMApi SolanaFMApiError: Failed to fetch transaction transfers.: Network Error
    at eW.getTransactionTransfers (https://solana.fm/_next/static/chunks/pages/_app-61510c4573927ebb.js:315:162174)
    at async eP.buildTransfers (https://solana.fm/_next/static/chunks/pages/_app-61510c4573927ebb.js:315:1937761)
    at async Promise.allSettled (index 6)
    at async eP.buildPartialTransactionInfo (https://solana.fm/_next/static/chunks/pages/_app-61510c4573927ebb.js:315:1930136)
    at async eP.getTransactionInfo (https://solana.fm/_next/static/chunks/pages/_app-61510c4573927ebb.js:315:1926913)
    at async p (https://solana.fm/_next/static/chunks/pages/address/%5B...address%5D-9402748975eef887.js:1:180659) @ https://solana.fm/_next/static/chunks/pages/_app-61510c4573927ebb.js:314
[    8598ms] [ERROR] Failed to load resource: net::ERR_FAILED @ https://api.solana.fm/v0/transfers/513arqgFFUDJFeHoTj3jxVhrkh7SegePwTRbD84zsxqR5jX24BhykGraMPdB7PsYuUKdb9mfJc5azqHs8WPNt1Av:0
[    8598ms] [ERROR] Access to XMLHttpRequest at 'https://api.solana.fm/v0/transfers/2kkQ2qvVn38qg3ndm7UraRfsFcyYL8SazyB8N288qGmoCyDB56hysS7bEgAzQ4PezVNuY4dYLnxtZeyNCbzyiFCG' from origin 'https://solana.fm' has been blocked by CORS policy: No 'Access-Control-Allow-Origin' header is present on the requested resource. @ https://solana.fm/address/EfwJn8cXCYhcGrsavxWSDbUFHPrCK9gvdCr6AVywFBPg/transactions?cluster=mainnet-alpha:0
[    8598ms] [ERROR] Failed to fetch transfers from SolanaFMApi SolanaFMApiError: Failed to fetch transaction transfers.: Network Error
    at eW.getTransactionTransfers (https://solana.fm/_next/static/chunks/pages/_app-61510c4573927ebb.js:315:162174)
    at async eP.buildTransfers (https://solana.fm/_next/static/chunks/pages/_app-61510c4573927ebb.js:315:1937761)
    at async Promise.allSettled (index 6)
    at async eP.buildPartialTransactionInfo (https://solana.fm/_next/static/chunks/pages/_app-61510c4573927ebb.js:315:1930136)
    at async eP.getTransactionInfo (https://solana.fm/_next/static/chunks/pages/_app-61510c4573927ebb.js:315:1926913)
    at async p (https://solana.fm/_next/static/chunks/pages/address/%5B...address%5D-9402748975eef887.js:1:180659) @ https://solana.fm/_next/static/chunks/pages/_app-61510c4573927ebb.js:314
[    8620ms] [ERROR] Failed to load resource: net::ERR_FAILED @ https://api.solana.fm/v0/transfers/2kkQ2qvVn38qg3ndm7UraRfsFcyYL8SazyB8N288qGmoCyDB56hysS7bEgAzQ4PezVNuY4dYLnxtZeyNCbzyiFCG:0
[    8620ms] [ERROR] Access to XMLHttpRequest at 'https://api.solana.fm/v0/transfers/4P5a48jzdaqDMVPdajqjZaDG737xW7rMFXMXiyp67YKYHQpJZXPVkZ6n1oMRVLezgsVDb99weqYot2y9RjtcTz7B' from origin 'https://solana.fm' has been blocked by CORS policy: No 'Access-Control-Allow-Origin' header is present on the requested resource. @ https://solana.fm/address/EfwJn8cXCYhcGrsavxWSDbUFHPrCK9gvdCr6AVywFBPg/transactions?cluster=mainnet-alpha:0
[    8620ms] [ERROR] Failed to fetch transfers from SolanaFMApi SolanaFMApiError: Failed to fetch transaction transfers.: Network Error
    at eW.getTransactionTransfers (https://solana.fm/_next/static/chunks/pages/_app-61510c4573927ebb.js:315:162174)
    at async eP.buildTransfers (https://solana.fm/_next/static/chunks/pages/_app-61510c4573927ebb.js:315:1937761)
    at async Promise.allSettled (index 6)
    at async eP.buildPartialTransactionInfo (https://solana.fm/_next/static/chunks/pages/_app-61510c4573927ebb.js:315:1930136)
    at async eP.getTransactionInfo (https://solana.fm/_next/static/chunks/pages/_app-61510c4573927ebb.js:315:1926913)
    at async p (https://solana.fm/_next/static/chunks/pages/address/%5B...address%5D-9402748975eef887.js:1:180659) @ https://solana.fm/_next/static/chunks/pages/_app-61510c4573927ebb.js:314
[    8646ms] [ERROR] Failed to load resource: net::ERR_FAILED @ https://api.solana.fm/v0/transfers/4P5a48jzdaqDMVPdajqjZaDG737xW7rMFXMXiyp67YKYHQpJZXPVkZ6n1oMRVLezgsVDb99weqYot2y9RjtcTz7B:0
[    9980ms] [ERROR] Failed to load resource: the server responded with a status of 404 () @ https://lite-api.jup.ag/price/v2?ids=1QmFSRnRWDkb1jLZFdwezFLiJfgjHpBRKCFVa2UTxty,LAYu5YXmtREGRx1gyGbsTXc6hNDNikhsJktHUG4pYXc,MEzMyjoPsEY8bxp34LjZYKJnzkCvHH7fP7qKTF2KU7k,NkfbyG7feH9aJhdnSs4d7D7kWCEnxrmNUbM7dbpC6MM,PhiLR4JDZB9z92rYT5xBXKCxmq4pGB1LYjtybii7aiS,PoXLucV74yut7xn2Q7TymRybYYpgM3F8nUbrd3FoAXc,orfwD4SjgAhc5VVAEjbpT9kVrfNA7VZCbpa1V3eHC1J,tEgEpuFeZAQxdW6RgvsicSVroKwVyzWnbEHu9FUs8Wx,xLccz8NaCTKFxEwvmEGJoVjDiv3BRq13ENcX6ysR4v7,24GdM3p5nHnZWsqxs66yipzABMMakNv2icCfkwfBo4vJ,2FyScuvpLwrCan5Mb9F8G4atpu5tGxztTjUP1C4nHnFZ,2a8xe1V5cFTkKA3M3MKq8zRJojgjxegXcwso2jffihfM,33Tae1N4tbS6YBNxa371GvZpb8PPpeV3p4vv76xiCpc3,35vMdjbtb8oSEZxpCXrxxhLV7ReG9vbtpX7vkpyXss2p,3AhbfZBq7iSvMpws6peJkD7mejEVJ24cjhd2gs1Mk9V6,3BCFYvydwvaSuf2nhHTygtukpn7EL8hZxbUnosMkZzYT,3F1wWw6boPFdKRszi4TrLVXsuf1A8QZQjUnhUfn6wFNV,3XAQdYAPN3nRTGv4m3tt9KmrwP6nTy6BDxsdVXRztubi,44MKM2v97mTdNuGrACkeEebHy7gVdtBs5365fy5ufDAy,48qSG5b8WvPVUXUPf3ZWJxotiUDVAusYscWJysDwoUGk,49sPmRfGdm368XfdJSKxFPWXu5QuUzmxyBrg7FRcPUXo,4i3ohBDvW7Wvbwy5fgTmyscqeaY9taE1kQbh4jPXUYZc,4ncYGekrjm5496TjicSPTmnzpnoRqJnrxLr2g4YgBAX3,5J11kyKY33n7D3G5RzQDKdKoB6qeePsv863pgqKCK7eo,5WUJzWDLEyushc9VTUaGYSGjGL3tFWDZtg7nK5Y7VWsL,5ycfxnqkPguANGMKqmjKFNhEiX4sntwmps7CE7ZEUppp,67h71vUAqGtoj4ziJvFwwrhdLW1zFTVkXv4wgz4isUcG,6NXFGu6C89MKE2vPmRZ2GhCGmB1PWvepPwEhngnStNAL,6Sw2RsiP5FmZSPe4mkxjrzgiZfYqD2tH4XJ5omdfmydM,6pdWKwVtqkWP6uZnWSifMAxXWUCw7rSB568shRiKAe9a,76YoyLAJ8bjh3uBiEyXxJACbNyggMjrdCkunmVAiyUwN,7SL742PE4VhT3DJx6gSWj1BKYGuAF9iK5UVQj5RzZuMW,7URmNzxtmk1CCTWBG8axaDTgjyXP9G2FX8azdYo7cMYN,7q6Djc2xfMJK6T5BSCDrdRsEYoQoExab3xbS1ujQ1QQ1,7wkuKBa3ysQiehvH41BFebZd6rLUhuEoQwGTinE3k4jw,7yPsNxetzcnvsq1v869PuW3Y9jVNacFVZRLG897nLoKG,8AStYro6EYWcMLL5sWDkhnnH1xuPHgDHyPZrPxEkfW6r,8JggCYBbM8a4hQW2tYfiWShfbGTX4stdZy7wZk8N3Dx8,8RtPzqu7AZnCyh5n3WXa5hC8nVgFuPvrQmLeVNZhnAEz,8S4L6PDYKBKhp8jtJf6sxMJM9vsAGDALDoNfcXRvoWzh,8ShM5PxJG2kK2qRLGGDmrM5Wv7hqzZqstj2D85pRAPmf,8k8JRj4GhtbFZeN5tWTKufxLhLcv1bPqFXYh63W4hEm9,8wGyaD4e7kd5ac5gyZjYWcZWmpCX6M6nqhxTFowcmgyW,8wPye8YTWc53MXsimrjUV3SzE2zwur9ZBr79EtXrsqHq,99aFvwN147HhsZaEaC9pavseF692aYwyzJUKVWjD5vWZ,9GYBBtQmWD5HiidZZp4LkWML8iSFWdVKV9sixUWEJuW7,9Uzg9yFxrjDKSRFya7uUBo3S7mgE7xDP3bGC2ZJNN8hh,9YedP19VHdTj8aHcDZiimWLwvRJUMKktkBamjMzS36jj,9kSKfLz2voR6xV8UEGtARKBC8YvFThBT3ZBPnhkmbHAT,9zaCmbnqs7YvqgeUdFsuXAjR3nhBnGforBqs1j3tW4Co,AZeGqjE899BwQ64G8yJfToGYduWuv4iGe1AoQjsHMWia,AjdAWdoxFpTj5o5vuhcPsGfgSpwy3fZnpBourzggDkSU,BKFbuWSeXQVGb44XWoRo29RjxkdkCAhEGoSictEcxYup,BQHmXEceL1CBRq9PpPbAmELZtDiA91GFvAeo8d2Jpump,BW3yRq78Fq6Dq3D1TLjm32jcCrRGSACF3UjztKXa3wtk,BWh1UR6dXULcfFbdnPBn9koqrQPA1pFPPM2Y56iRTWR4,BYdxrskh1HfVfvAd8a9aAjoLAU6Bo97AgN56gDwqpump,BZiT6YkuanprUoDwo3w1pMc5c3sLVHJmV63p9sPFKWyW,BnEvo5YgzUSqmS2c3P4ykEeQLAVLAmFHULj8yqoG2f43,BzmJiJWsCCXwPoYmyy6HoqW7eydNeXX9vnYsWWjJrSTR,CkDHNySNKpDNquir4JQ3a7bobyecZsPWpAKsbuj7dy1x,Cv8ojJbmdtoh5ZcrqTg3YLsdJqQfM9o7qK14SuvhszNX,D3XLATfsGTni8b7Crn2EgbCKFc2sGU1w7P8BUGCi2v2J,D8K7FTLbvjjucdnggGbpEfCshjabBe4Z285tLWquZ45Y,DFEwvvP9UtzXvVzmcQPPXzpRexWBZ86kmE1xvpaFNKKt,DP27SYSPcWKzN6MXvSuUK5DsSvCsBRHUh9WY2eUyV39C,DQMeSM8RU2XYvpwB9xdXJd4VekbNuXyqhDkKv15dxvUC,DawUAYYpM9MJNoD7qdadKNDNuixtwPwkcpoPF6rRYFcU,DcT1io7VKiLivRabG69H1og23M8RVpqbksa5JoKHmoXL,E1zA94mNEega7HS7stsZayjoRjHo3rYtZnJWZ9Tm53ji,E7WCrPkvyCuSNscgQhgEbrN9jpQSpHV2o1isNHddjkuo,E7g4weqLppeai45trBW8ELkgheMU5vP8FTFE4Q6SHJ6k,E9wzjp8uRWNc1YVadW3i7RzJFcoa5GjKVCdncZofZ14C,ELN2meBKUsQcWN9PN2mTkj5yGtRMvdagpuDYSbw7BcGq,ERwY9sLmLf6FUeGGoiAaLnyFPG73DqpXix9Fych33vd3,EdZwFU5VyXTjUBwmkXe4tjyPBFkNBWwpZRChAaSmQjEA,ExggYJzFVmBDoCsqcAuEPHPBqFvueDhuz2VGsDgv7qWJ,Exm3bh2DLAssZfW7gHB2Chbs4EMpt2pWmapP7YW2Ainu,EyGByEeVgx6PsAnr1jKC6e1PDSZWgJy1xhxShqd6iwuo,EzvE91WbborrGX7SZzdng2ZFrebRGXcjs3xQN1a5zPbJ,F32W1t9RoeHyF2NJzunXkn3mKfCoXLMM3CAALmkM698v,FGtpq1ut3y4iahBarWYxvQ7NWBh72QBj8nndYVsc7d8u,Fr5dbnAPzyn38xay8woqwFFe6wiDjt2tjWhHkshcotdb,G3N6zaR9REdCZyQAum7mbBEvQ77rdTx7maGFyz1eEWDh,GRvTeDmjgQYJhnU2SyWJiMg9VqwTXjesMe3rh9vuHioV,GZpxrHfev8G8bPzmfNojTxF6RDSeP5Vo8JL3Hd5VUgt9,GraYpTfV1AJ58A9NybJz1eG12rcR5cg449HCRUtGyupx,H242MMZ7CVMNK2hYGKTa8tM6uCLfcZVgZmH51sxVTxaJ,H79ZWLCFTUChU3mybc5KLTj2cB11MqN1QceYgyaFRKbS,HBp3atNPYnWUC4iYsEf9HjF6qicvjTtf8MicfQiedRW1,HHQwyKN3Lfu8EMZY42NBZ8diZcnph6LtJikMMWYgrq9h,HJp3i1RxUG8FmnSXXAANkYLfDMEqKhCfSZ7XEbybGPPS,HMhn7QeXEQ1NTsUipScrrYpD7PVaHNAUDyJRzR1buANU,HsP996QPrPRawvAbc6nYRuSmHU5DuScQdyhEq2SSWYho,pumpCmXqMfrsAkQ5r49WcJnRayYRqmXz6ae8H7H9Dfn,9F8JfdmMehhMw8k4kUvZzM1EGf4UyLGCwS7Wug57pump,Ey59PH7Z4BFU4HjyKnyMdWt5GGN76KazTAwQihoUXRnk,HeLp6NuQkmYB4pYWo2zYs22mESHXPQYzXbB8n4V98jwC,So11111111111111111111111111111111111111112:0
[   12519ms] [ERROR] Failed to load resource: net::ERR_NAME_NOT_RESOLVED @ https://socials.solana.fm/search/trendy/Mainnet:0
[   23141ms] [ERROR] Failed to load resource: net::ERR_NAME_NOT_RESOLVED @ https://socials.solana.fm/tags?hash=EfwJn8cXCYhcGrsavxWSDbUFHPrCK9gvdCr6AVywFBPg&network=Mainnet:0
[   32703ms] [ERROR] Failed to load resource: net::ERR_NAME_NOT_RESOLVED @ https://socials.solana.fm/search/trendy/Mainnet:0
[   33451ms] [ERROR] Access to XMLHttpRequest at 'https://api.solana.fm/v1/name-service/EfwJn8cXCYhcGrsavxWSDbUFHPrCK9gvdCr6AVywFBPg' from origin 'https://solana.fm' has been blocked by CORS policy: No 'Access-Control-Allow-Origin' header is present on the requested resource. @ https://solana.fm/address/EfwJn8cXCYhcGrsavxWSDbUFHPrCK9gvdCr6AVywFBPg/transactions?cluster=mainnet-alpha:0
[   33451ms] [ERROR] Error fetching data: SolanaFMApiError: Failed to fetch validators info.: Network Error
    at eY.getNameServices (https://solana.fm/_next/static/chunks/pages/_app-61510c4573927ebb.js:315:167726)
    at async https://solana.fm/_next/static/chunks/1887-188603e7995a11d7.js:1:18150
    at async https://solana.fm/_next/static/chunks/pages/_app-61510c4573927ebb.js:503:14580 @ https://solana.fm/_next/static/chunks/1887-188603e7995a11d7.js:0
[   33453ms] [ERROR] Failed to load resource: net::ERR_FAILED @ https://api.solana.fm/v1/name-service/EfwJn8cXCYhcGrsavxWSDbUFHPrCK9gvdCr6AVywFBPg:0
[   48307ms] [ERROR] Failed to load resource: net::ERR_NAME_NOT_RESOLVED @ https://socials.solana.fm/tags?hash=EfwJn8cXCYhcGrsavxWSDbUFHPrCK9gvdCr6AVywFBPg&network=Mainnet:0
[   53704ms] [ERROR] Access to XMLHttpRequest at 'https://api.solana.fm/v1/name-service/EfwJn8cXCYhcGrsavxWSDbUFHPrCK9gvdCr6AVywFBPg' from origin 'https://solana.fm' has been blocked by CORS policy: No 'Access-Control-Allow-Origin' header is present on the requested resource. @ https://solana.fm/address/EfwJn8cXCYhcGrsavxWSDbUFHPrCK9gvdCr6AVywFBPg/transactions?cluster=mainnet-alpha:0
[   53704ms] [ERROR] Error fetching data: SolanaFMApiError: Failed to fetch validators info.: Network Error
    at eY.getNameServices (https://solana.fm/_next/static/chunks/pages/_app-61510c4573927ebb.js:315:167726)
    at async https://solana.fm/_next/static/chunks/1887-188603e7995a11d7.js:1:18150
    at async https://solana.fm/_next/static/chunks/pages/_app-61510c4573927ebb.js:503:14580 @ https://solana.fm/_next/static/chunks/1887-188603e7995a11d7.js:0
[   53707ms] [ERROR] Failed to load resource: net::ERR_FAILED @ https://api.solana.fm/v1/name-service/EfwJn8cXCYhcGrsavxWSDbUFHPrCK9gvdCr6AVywFBPg:0
[   57883ms] [ERROR] Failed to load resource: net::ERR_NAME_NOT_RESOLVED @ https://socials.solana.fm/search/trendy/Mainnet:0
[   88532ms] [ERROR] Failed to load resource: net::ERR_NAME_NOT_RESOLVED @ https://socials.solana.fm/tags?hash=EfwJn8cXCYhcGrsavxWSDbUFHPrCK9gvdCr6AVywFBPg&network=Mainnet:0
[  103029ms] [ERROR] Failed to load resource: net::ERR_NAME_NOT_RESOLVED @ https://socials.solana.fm/search/trendy/Mainnet:0
[  108978ms] [ERROR] Access to XMLHttpRequest at 'https://api.solana.fm/v1/name-service/EfwJn8cXCYhcGrsavxWSDbUFHPrCK9gvdCr6AVywFBPg' from origin 'https://solana.fm' has been blocked by CORS policy: No 'Access-Control-Allow-Origin' header is present on the requested resource. @ https://solana.fm/address/EfwJn8cXCYhcGrsavxWSDbUFHPrCK9gvdCr6AVywFBPg/transactions?cluster=mainnet-alpha:0
[  108978ms] [ERROR] Error fetching data: SolanaFMApiError: Failed to fetch validators info.: Network Error
    at eY.getNameServices (https://solana.fm/_next/static/chunks/pages/_app-61510c4573927ebb.js:315:167726)
    at async https://solana.fm/_next/static/chunks/1887-188603e7995a11d7.js:1:18150
    at async https://solana.fm/_next/static/chunks/pages/_app-61510c4573927ebb.js:503:14580 @ https://solana.fm/_next/static/chunks/1887-188603e7995a11d7.js:0
[  108980ms] [ERROR] Failed to load resource: net::ERR_FAILED @ https://api.solana.fm/v1/name-service/EfwJn8cXCYhcGrsavxWSDbUFHPrCK9gvdCr6AVywFBPg:0
[  193126ms] [ERROR] Failed to load resource: net::ERR_NAME_NOT_RESOLVED @ https://socials.solana.fm/search/trendy/Mainnet:0
[  203714ms] [ERROR] Failed to load resource: net::ERR_NAME_NOT_RESOLVED @ https://socials.solana.fm/tags?hash=EfwJn8cXCYhcGrsavxWSDbUFHPrCK9gvdCr6AVywFBPg&network=Mainnet:0
[  229248ms] [ERROR] Access to XMLHttpRequest at 'https://api.solana.fm/v1/name-service/EfwJn8cXCYhcGrsavxWSDbUFHPrCK9gvdCr6AVywFBPg' from origin 'https://solana.fm' has been blocked by CORS policy: No 'Access-Control-Allow-Origin' header is present on the requested resource. @ https://solana.fm/address/EfwJn8cXCYhcGrsavxWSDbUFHPrCK9gvdCr6AVywFBPg/transactions?cluster=mainnet-alpha:0
[  229249ms] [ERROR] Error fetching data: SolanaFMApiError: Failed to fetch validators info.: Network Error
    at eY.getNameServices (https://solana.fm/_next/static/chunks/pages/_app-61510c4573927ebb.js:315:167726)
    at async https://solana.fm/_next/static/chunks/1887-188603e7995a11d7.js:1:18150
    at async https://solana.fm/_next/static/chunks/pages/_app-61510c4573927ebb.js:503:14580 @ https://solana.fm/_next/static/chunks/1887-188603e7995a11d7.js:0
[  229250ms] [ERROR] Failed to load resource: net::ERR_FAILED @ https://api.solana.fm/v1/name-service/EfwJn8cXCYhcGrsavxWSDbUFHPrCK9gvdCr6AVywFBPg:0
[  368284ms] [ERROR] Failed to load resource: net::ERR_NAME_NOT_RESOLVED @ https://socials.solana.fm/search/trendy/Mainnet:0
[  663948ms] [ERROR] Failed to load resource: net::ERR_NAME_NOT_RESOLVED @ https://socials.solana.fm/tags?hash=EfwJn8cXCYhcGrsavxWSDbUFHPrCK9gvdCr6AVywFBPg&network=Mainnet:0
[  689594ms] [ERROR] Access to XMLHttpRequest at 'https://api.solana.fm/v1/name-service/EfwJn8cXCYhcGrsavxWSDbUFHPrCK9gvdCr6AVywFBPg' from origin 'https://solana.fm' has been blocked by CORS policy: No 'Access-Control-Allow-Origin' header is present on the requested resource. @ https://solana.fm/address/EfwJn8cXCYhcGrsavxWSDbUFHPrCK9gvdCr6AVywFBPg/transactions?cluster=mainnet-alpha:0
[  689594ms] [ERROR] Error fetching data: SolanaFMApiError: Failed to fetch validators info.: Network Error
    at eY.getNameServices (https://solana.fm/_next/static/chunks/pages/_app-61510c4573927ebb.js:315:167726)
    at async https://solana.fm/_next/static/chunks/1887-188603e7995a11d7.js:1:18150
    at async https://solana.fm/_next/static/chunks/pages/_app-61510c4573927ebb.js:503:14580 @ https://solana.fm/_next/static/chunks/1887-188603e7995a11d7.js:0
[  689596ms] [ERROR] Failed to load resource: net::ERR_FAILED @ https://api.solana.fm/v1/name-service/EfwJn8cXCYhcGrsavxWSDbUFHPrCK9gvdCr6AVywFBPg:0
[ 1003378ms] [ERROR] Failed to load resource: net::ERR_NAME_NOT_RESOLVED @ https://socials.solana.fm/search/trendy/Mainnet:0
[ 1259109ms] [ERROR] Failed to load resource: net::ERR_NAME_NOT_RESOLVED @ https://socials.solana.fm/tags?hash=EfwJn8cXCYhcGrsavxWSDbUFHPrCK9gvdCr6AVywFBPg&network=Mainnet:0
[ 1434937ms] [ERROR] Access to XMLHttpRequest at 'https://api.solana.fm/v1/name-service/EfwJn8cXCYhcGrsavxWSDbUFHPrCK9gvdCr6AVywFBPg' from origin 'https://solana.fm' has been blocked by CORS policy: No 'Access-Control-Allow-Origin' header is present on the requested resource. @ https://solana.fm/address/EfwJn8cXCYhcGrsavxWSDbUFHPrCK9gvdCr6AVywFBPg/transactions?cluster=mainnet-alpha:0
[ 1434937ms] [ERROR] Error fetching data: SolanaFMApiError: Failed to fetch validators info.: Network Error
    at eY.getNameServices (https://solana.fm/_next/static/chunks/pages/_app-61510c4573927ebb.js:315:167726)
    at async https://solana.fm/_next/static/chunks/1887-188603e7995a11d7.js:1:18150
    at async https://solana.fm/_next/static/chunks/pages/_app-61510c4573927ebb.js:503:14580 @ https://solana.fm/_next/static/chunks/1887-188603e7995a11d7.js:0
[ 1434941ms] [ERROR] Failed to load resource: net::ERR_FAILED @ https://api.solana.fm/v1/name-service/EfwJn8cXCYhcGrsavxWSDbUFHPrCK9gvdCr6AVywFBPg:0
[ 2178611ms] [ERROR] Failed to load resource: net::ERR_NAME_NOT_RESOLVED @ https://socials.solana.fm/search/trendy/Mainnet:0
[ 2899334ms] [ERROR] Failed to load resource: net::ERR_NAME_NOT_RESOLVED @ https://socials.solana.fm/tags?hash=EfwJn8cXCYhcGrsavxWSDbUFHPrCK9gvdCr6AVywFBPg&network=Mainnet:0
[ 3325288ms] [ERROR] Access to XMLHttpRequest at 'https://api.solana.fm/v1/name-service/EfwJn8cXCYhcGrsavxWSDbUFHPrCK9gvdCr6AVywFBPg' from origin 'https://solana.fm' has been blocked by CORS policy: No 'Access-Control-Allow-Origin' header is present on the requested resource. @ https://solana.fm/address/EfwJn8cXCYhcGrsavxWSDbUFHPrCK9gvdCr6AVywFBPg/transactions?cluster=mainnet-alpha:0
[ 3325288ms] [ERROR] Error fetching data: SolanaFMApiError: Failed to fetch validators info.: Network Error
    at eY.getNameServices (https://solana.fm/_next/static/chunks/pages/_app-61510c4573927ebb.js:315:167726)
    at async https://solana.fm/_next/static/chunks/1887-188603e7995a11d7.js:1:18150
    at async https://solana.fm/_next/static/chunks/pages/_app-61510c4573927ebb.js:503:14580 @ https://solana.fm/_next/static/chunks/1887-188603e7995a11d7.js:0
[ 3325290ms] [ERROR] Failed to load resource: net::ERR_FAILED @ https://api.solana.fm/v1/name-service/EfwJn8cXCYhcGrsavxWSDbUFHPrCK9gvdCr6AVywFBPg:0
[ 3423827ms] [ERROR] Failed to load resource: net::ERR_NAME_NOT_RESOLVED @ https://socials.solana.fm/search/trendy/Mainnet:0
[ 4804576ms] [ERROR] Failed to load resource: net::ERR_NAME_NOT_RESOLVED @ https://socials.solana.fm/tags?hash=EfwJn8cXCYhcGrsavxWSDbUFHPrCK9gvdCr6AVywFBPg&network=Mainnet:0
[ 4835627ms] [ERROR] Access to XMLHttpRequest at 'https://api.solana.fm/v1/name-service/EfwJn8cXCYhcGrsavxWSDbUFHPrCK9gvdCr6AVywFBPg' from origin 'https://solana.fm' has been blocked by CORS policy: No 'Access-Control-Allow-Origin' header is present on the requested resource. @ https://solana.fm/address/EfwJn8cXCYhcGrsavxWSDbUFHPrCK9gvdCr6AVywFBPg/transactions?cluster=mainnet-alpha:0
[ 4835627ms] [ERROR] Error fetching data: SolanaFMApiError: Failed to fetch validators info.: Network Error
    at eY.getNameServices (https://solana.fm/_next/static/chunks/pages/_app-61510c4573927ebb.js:315:167726)
    at async https://solana.fm/_next/static/chunks/1887-188603e7995a11d7.js:1:18150
    at async https://solana.fm/_next/static/chunks/pages/_app-61510c4573927ebb.js:503:14580 @ https://solana.fm/_next/static/chunks/1887-188603e7995a11d7.js:0
[ 4835629ms] [ERROR] Failed to load resource: net::ERR_FAILED @ https://api.solana.fm/v1/name-service/EfwJn8cXCYhcGrsavxWSDbUFHPrCK9gvdCr6AVywFBPg:0
[ 5238998ms] [ERROR] Failed to load resource: net::ERR_NAME_NOT_RESOLVED @ https://socials.solana.fm/search/trendy/Mainnet:0
[ 5644801ms] [ERROR] Failed to load resource: net::ERR_NAME_NOT_RESOLVED @ https://socials.solana.fm/tags?hash=EfwJn8cXCYhcGrsavxWSDbUFHPrCK9gvdCr6AVywFBPg&network=Mainnet:0
[ 5695993ms] [ERROR] Access to XMLHttpRequest at 'https://api.solana.fm/v1/name-service/EfwJn8cXCYhcGrsavxWSDbUFHPrCK9gvdCr6AVywFBPg' from origin 'https://solana.fm' has been blocked by CORS policy: No 'Access-Control-Allow-Origin' header is present on the requested resource. @ https://solana.fm/address/EfwJn8cXCYhcGrsavxWSDbUFHPrCK9gvdCr6AVywFBPg/transactions?cluster=mainnet-alpha:0
[ 5695993ms] [ERROR] Error fetching data: SolanaFMApiError: Failed to fetch validators info.: Network Error
    at eY.getNameServices (https://solana.fm/_next/static/chunks/pages/_app-61510c4573927ebb.js:315:167726)
    at async https://solana.fm/_next/static/chunks/1887-188603e7995a11d7.js:1:18150
    at async https://solana.fm/_next/static/chunks/pages/_app-61510c4573927ebb.js:503:14580 @ https://solana.fm/_next/static/chunks/1887-188603e7995a11d7.js:0
[ 5695995ms] [ERROR] Failed to load resource: net::ERR_FAILED @ https://api.solana.fm/v1/name-service/EfwJn8cXCYhcGrsavxWSDbUFHPrCK9gvdCr6AVywFBPg:0
[ 6484916ms] [ERROR] Failed to load resource: net::ERR_NAME_NOT_RESOLVED @ https://socials.solana.fm/tags?hash=EfwJn8cXCYhcGrsavxWSDbUFHPrCK9gvdCr6AVywFBPg&network=Mainnet:0
